Component: ARM Compiler 5.06 update 6 (build 750) Tool: armlink [4d35ed]

==============================================================================

Section Cross References

    main.o(i.ADC_Task) refers to queue.o(i.xQueueSemaphoreTake) for xQueueSemaphoreTake
    main.o(i.ADC_Task) refers to gd32f30x_adc.o(i.adc_software_trigger_enable) for adc_software_trigger_enable
    main.o(i.ADC_Task) refers to tasks.o(i.vTaskDelay) for vTaskDelay
    main.o(i.ADC_Task) refers to dfltui.o(.text) for __aeabi_ui2d
    main.o(i.ADC_Task) refers to dmul.o(.text) for __aeabi_dmul
    main.o(i.ADC_Task) refers to dadd.o(.text) for __aeabi_drsub
    main.o(i.ADC_Task) refers to ddiv.o(.text) for __aeabi_ddiv
    main.o(i.ADC_Task) refers to d2f.o(.text) for __aeabi_d2f
    main.o(i.ADC_Task) refers to f2d.o(.text) for __aeabi_f2d
    main.o(i.ADC_Task) refers to printfa.o(i.__0printf) for __2printf
    main.o(i.ADC_Task) refers to userflag.o(.data) for xBinarySemaphore
    main.o(i.ADC_Task) refers to userflag.o(.data) for temperature
    main.o(i.ADC_Task) refers to userflag.o(.data) for vref_value
    main.o(i.KeyScan_Task) refers to queue.o(i.xQueueSemaphoreTake) for xQueueSemaphoreTake
    main.o(i.KeyScan_Task) refers to printfa.o(i.__0printf) for __2printf
    main.o(i.KeyScan_Task) refers to tasks.o(i.vTaskDelay) for vTaskDelay
    main.o(i.KeyScan_Task) refers to userflag.o(.data) for xKeyMode
    main.o(i.KeyScan_Task) refers to userflag.o(.data) for unFlag0
    main.o(i.KeyScan_Task) refers to userflag.o(.data) for xBinarySemaphore
    main.o(i.LED_Task) refers to queue.o(i.xQueueGenericSend) for xQueueGenericSend
    main.o(i.LED_Task) refers to queue.o(i.uxQueueMessagesWaiting) for uxQueueMessagesWaiting
    main.o(i.LED_Task) refers to printfa.o(i.__0printf) for __2printf
    main.o(i.LED_Task) refers to tasks.o(i.vTaskDelay) for vTaskDelay
    main.o(i.LED_Task) refers to userflag.o(.data) for u32RuntimeSemaphore
    main.o(i.SPITest_Task) refers to mt6815.o(i.SPI_SendByte) for SPI_SendByte
    main.o(i.Start_Task) refers to port.o(i.vPortEnterCritical) for vPortEnterCritical
    main.o(i.Start_Task) refers to tasks.o(i.xTaskCreate) for xTaskCreate
    main.o(i.Start_Task) refers to printfa.o(i.__0printf) for __2printf
    main.o(i.Start_Task) refers to queue.o(i.xQueueGenericCreate) for xQueueGenericCreate
    main.o(i.Start_Task) refers to queue.o(i.xQueueCreateCountingSemaphore) for xQueueCreateCountingSemaphore
    main.o(i.Start_Task) refers to tasks.o(i.vTaskDelete) for vTaskDelete
    main.o(i.Start_Task) refers to port.o(i.vPortExitCritical) for vPortExitCritical
    main.o(i.Start_Task) refers to userflag.o(.data) for LED_Task_Handler
    main.o(i.Start_Task) refers to main.o(i.LED_Task) for LED_Task
    main.o(i.Start_Task) refers to userflag.o(.data) for ADC_Task_Handler
    main.o(i.Start_Task) refers to main.o(i.ADC_Task) for ADC_Task
    main.o(i.Start_Task) refers to userflag.o(.data) for KeyScan_Task_Handler
    main.o(i.Start_Task) refers to main.o(i.KeyScan_Task) for KeyScan_Task
    main.o(i.Start_Task) refers to userflag.o(.data) for SPITest_Task_Handler
    main.o(i.Start_Task) refers to main.o(i.StateJudgment_Task) for StateJudgment_Task
    main.o(i.Start_Task) refers to userflag.o(.data) for StateJudgment_Task_Handler
    main.o(i.Start_Task) refers to main.o(i.SPITest_Task) for SPITest_Task
    main.o(i.Start_Task) refers to userflag.o(.data) for PWMTest_Task_Handler
    main.o(i.Start_Task) refers to pwm.o(i.PWMTestTask) for PWMTestTask
    main.o(i.Start_Task) refers to userflag.o(.data) for xRunTimeQueue
    main.o(i.Start_Task) refers to userflag.o(.data) for xBinarySemaphore
    main.o(i.Start_Task) refers to userflag.o(.data) for xKeyMode
    main.o(i.Start_Task) refers to userflag.o(.data) for u32RuntimeSemaphore
    main.o(i.Start_Task) refers to userflag.o(.data) for Start_Task_Handler
    main.o(i.StateJudgment_Task) refers to queue.o(i.uxQueueMessagesWaiting) for uxQueueMessagesWaiting
    main.o(i.StateJudgment_Task) refers to queue.o(i.xQueueGenericSend) for xQueueGenericSend
    main.o(i.StateJudgment_Task) refers to tasks.o(i.vTaskDelay) for vTaskDelay
    main.o(i.StateJudgment_Task) refers to userflag.o(.data) for unFlag0
    main.o(i.StateJudgment_Task) refers to userflag.o(.data) for xBinarySemaphore
    main.o(i.main) refers to gd32f30x_misc.o(i.nvic_priority_group_set) for nvic_priority_group_set
    main.o(i.main) refers to usart.o(i.Usart_Init) for Usart_Init
    main.o(i.main) refers to printfa.o(i.__0printf) for __2printf
    main.o(i.main) refers to gpio.o(i.LED_Init) for LED_Init
    main.o(i.main) refers to key.o(i.Key_Init) for Key_Init
    main.o(i.main) refers to adc.o(i.ADC_Init) for ADC_Init
    main.o(i.main) refers to mt6815.o(i.SPI_Init) for SPI_Init
    main.o(i.main) refers to pwm.o(i.PWM_Init) for PWM_Init
    main.o(i.main) refers to storetask.o(i.Store_Task_Init) for Store_Task_Init
[...]
    ..\LIB\Source\gd32f30x_spi.c             0x00000000   Number         0  gd32f30x_spi.o ABSOLUTE
    ..\LIB\Source\gd32f30x_timer.c           0x00000000   Number         0  gd32f30x_timer.o ABSOLUTE
    ..\LIB\Source\gd32f30x_usart.c           0x00000000   Number         0  gd32f30x_usart.o ABSOLUTE
    ..\LIB\Source\gd32f30x_wwdgt.c           0x00000000   Number         0  gd32f30x_wwdgt.o ABSOLUTE
    ..\LIB\Source\systick.c                  0x00000000   Number         0  systick.o ABSOLUTE
    ..\\APP\\src\\ADC.c                      0x00000000   Number         0  adc.o ABSOLUTE
    ..\\APP\\src\\FOC.c                      0x00000000   Number         0  foc.o ABSOLUTE
    ..\\APP\\src\\GPIO.c                     0x00000000   Number         0  gpio.o ABSOLUTE
    ..\\APP\\src\\Key.c                      0x00000000   Number         0  key.o ABSOLUTE
    ..\\APP\\src\\MT6815.c                   0x00000000   Number         0  mt6815.o ABSOLUTE
    ..\\APP\\src\\Math.c                     0x00000000   Number         0  math.o ABSOLUTE
    ..\\APP\\src\\MotorTask.c                0x00000000   Number         0  motortask.o ABSOLUTE
    ..\\APP\\src\\PID.c                      0x00000000   Number         0  pid.o ABSOLUTE
    ..\\APP\\src\\PWM.c                      0x00000000   Number         0  pwm.o ABSOLUTE
    ..\\APP\\src\\StoreTask.c                0x00000000   Number         0  storetask.o ABSOLUTE
    ..\\APP\\src\\i2c.c                      0x00000000   Number         0  i2c.o ABSOLUTE
    ..\\CMSIS\\GD\\GD32F3x0\\Source\\system_gd32f30x.c 0x00000000   Number         0  system_gd32f30x.o ABSOLUTE
    ..\\CMSIS\\STR\\gd32f303c_start.c        0x00000000   Number         0  gd32f303c_start.o ABSOLUTE
    ..\\FreeRTOS\\portable\\MemMang\\heap_4.c 0x00000000   Number         0  heap_4.o ABSOLUTE
    ..\\FreeRTOS\\portable\\RVDS\\ARM_CM4F\\port.c 0x00000000   Number         0  port.o ABSOLUTE
    ..\\FreeRTOS\\src\\croutine.c            0x00000000   Number         0  croutine.o ABSOLUTE
    ..\\FreeRTOS\\src\\event_groups.c        0x00000000   Number         0  event_groups.o ABSOLUTE
    ..\\FreeRTOS\\src\\list.c                0x00000000   Number         0  list.o ABSOLUTE
    ..\\FreeRTOS\\src\\queue.c               0x00000000   Number         0  queue.o ABSOLUTE
    ..\\FreeRTOS\\src\\stream_buffer.c       0x00000000   Number         0  stream_buffer.o ABSOLUTE
    ..\\FreeRTOS\\src\\tasks.c               0x00000000   Number         0  tasks.o ABSOLUTE
    ..\\FreeRTOS\\src\\timers.c              0x00000000   Number         0  timers.o ABSOLUTE
    ..\\LIB\\Source\\gd32f30x_adc.c          0x00000000   Number         0  gd32f30x_adc.o ABSOLUTE
    ..\\LIB\\Source\\gd32f30x_bkp.c          0x00000000   Number         0  gd32f30x_bkp.o ABSOLUTE
    ..\\LIB\\Source\\gd32f30x_can.c          0x00000000   Number         0  gd32f30x_can.o ABSOLUTE
    ..\\LIB\\Source\\gd32f30x_crc.c          0x00000000   Number         0  gd32f30x_crc.o ABSOLUTE
    ..\\LIB\\Source\\gd32f30x_ctc.c          0x00000000   Number         0  gd32f30x_ctc.o ABSOLUTE
    ..\\LIB\\Source\\gd32f30x_dac.c          0x00000000   Number         0  gd32f30x_dac.o ABSOLUTE
    ..\\LIB\\Source\\gd32f30x_dbg.c          0x00000000   Number         0  gd32f30x_dbg.o ABSOLUTE
    ..\\LIB\\Source\\gd32f30x_dma.c          0x00000000   Number         0  gd32f30x_dma.o ABSOLUTE
    ..\\LIB\\Source\\gd32f30x_enet.c         0x00000000   Number         0  gd32f30x_enet.o ABSOLUTE
    ..\\LIB\\Source\\gd32f30x_exmc.c         0x00000000   Number         0  gd32f30x_exmc.o ABSOLUTE
    ..\\LIB\\Source\\gd32f30x_exti.c         0x00000000   Number         0  gd32f30x_exti.o ABSOLUTE
    ..\\LIB\\Source\\gd32f30x_fmc.c          0x00000000   Number         0  gd32f30x_fmc.o ABSOLUTE
    ..\\LIB\\Source\\gd32f30x_fwdgt.c        0x00000000   Number         0  gd32f30x_fwdgt.o ABSOLUTE
    ..\\LIB\\Source\\gd32f30x_gpio.c         0x00000000   Number         0  gd32f30x_gpio.o ABSOLUTE
    ..\\LIB\\Source\\gd32f30x_i2c.c          0x00000000   Number         0  gd32f30x_i2c.o ABSOLUTE
    ..\\LIB\\Source\\gd32f30x_it.c           0x00000000   Number         0  gd32f30x_it.o ABSOLUTE
    ..\\LIB\\Source\\gd32f30x_misc.c         0x00000000   Number         0  gd32f30x_misc.o ABSOLUTE
    ..\\LIB\\Source\\gd32f30x_pmu.c          0x00000000   Number         0  gd32f30x_pmu.o ABSOLUTE
    ..\\LIB\\Source\\gd32f30x_rcu.c          0x00000000   Number         0  gd32f30x_rcu.o ABSOLUTE
    ..\\LIB\\Source\\gd32f30x_rtc.c          0x00000000   Number         0  gd32f30x_rtc.o ABSOLUTE
    ..\\LIB\\Source\\gd32f30x_sdio.c         0x00000000   Number         0  gd32f30x_sdio.o ABSOLUTE
    ..\\LIB\\Source\\gd32f30x_spi.c          0x00000000   Number         0  gd32f30x_spi.o ABSOLUTE
    ..\\LIB\\Source\\gd32f30x_timer.c        0x00000000   Number         0  gd32f30x_timer.o ABSOLUTE
    ..\\LIB\\Source\\gd32f30x_usart.c        0x00000000   Number         0  gd32f30x_usart.o ABSOLUTE
    ..\\LIB\\Source\\gd32f30x_wwdgt.c        0x00000000   Number         0  gd32f30x_wwdgt.o ABSOLUTE
    ..\\LIB\\Source\\systick.c               0x00000000   Number         0  systick.o ABSOLUTE
    UserFlag.c                               0x00000000   Number         0  userflag.o ABSOLUTE
    UserFlag.c                               0x00000000   Number         0  userflag.o ABSOLUTE
    cdrcmple.s                               0x00000000   Number         0  cdrcmple.o ABSOLUTE
    dc.s                                     0x00000000   Number         0  dc.o ABSOLUTE
    handlers.s                               0x00000000   Number         0  handlers.o ABSOLUTE
    init.s                                   0x00000000   Number         0  init.o ABSOLUTE
    main.c                                   0x00000000   Number         0  main.o ABSOLUTE
    main.c                                   0x00000000   Number         0  main.o ABSOLUTE
    usart.c                                  0x00000000   Number         0  usart.o ABSOLUTE
    usart.c                                  0x00000000   Number         0  usart.o ABSOLUTE
    RESET                                    0x08000000   Section      304  startup_gd32f30x_hd.o(RESET)
    .ARM.Collect$$$$00000000                 0x08000130   Section        0  entry.o(.ARM.Collect$$$$00000000)
    .ARM.Collect$$$$00000001                 0x08000130   Section        4  entry2.o(.ARM.Collect$$$$00000001)
    .ARM.Collect$$$$00000004                 0x08000134   Section        4  entry5.o(.ARM.Collect$$$$00000004)
    .ARM.Collect$$$$00000008                 0x08000138   Section        0  entry7b.o(.ARM.Collect$$$$00000008)
    .ARM.Collect$$$$0000000A                 0x08000138   Section        0  entry8b.o(.ARM.Collect$$$$0000000A)
    .ARM.Collect$$$$0000000B                 0x08000138   Section        8  entry9a.o(.ARM.Collect$$$$0000000B)
    .ARM.Collect$$$$0000000D                 0x08000140   Section        0  entry10a.o(.ARM.Collect$$$$0000000D)
    .ARM.Collect$$$$0000000F                 0x08000140   Section        0  entry11a.o(.ARM.Collect$$$$0000000F)
    .ARM.Collect$$$$00002712                 0x08000140   Section        4  entry2.o(.ARM.Collect$$$$00002712)
    __lit__00000000                          0x08000140   Data           4  entry2.o(.ARM.Collect$$$$00002712)
    .emb_text                                0x08000144   Section      190  port.o(.emb_text)
    $v0                                      0x08000144   Number         0  port.o(.emb_text)
    .text                                    0x08000204   Section       36  startup_gd32f30x_hd.o(.text)
    $v0                                      0x08000204   Number         0  startup_gd32f30x_hd.o(.text)
    .text                                    0x08000228   Section        0  memcpya.o(.text)
    .text                                    0x0800024c   Section        0  dadd.o(.text)
    .text                                    0x0800039a   Section        0  dmul.o(.text)
    .text                                    0x0800047e   Section        0  ddiv.o(.text)
    .text                                    0x0800055c   Section        0  dfltui.o(.text)
    .text                                    0x08000576   Section        0  f2d.o(.text)
    .text                                    0x0800059c   Section        0  d2f.o(.text)
    .text                                    0x080005d4   Section        0  uidiv.o(.text)
    .text                                    0x08000600   Section        0  uldiv.o(.text)
    .text                                    0x08000662   Section        0  llshl.o(.text)
    .text                                    0x08000680   Section        0  llsshr.o(.text)
    .text                                    0x080006a4   Section        0  iusefp.o(.text)
    .text                                    0x080006a4   Section        0  fepilogue.o(.text)
    .text                                    0x08000712   Section        0  depilogue.o(.text)
    .text                                    0x080007cc   Section        0  dfixul.o(.text)
    .text                                    0x080007fc   Section       48  cdrcmple.o(.text)
    .text                                    0x0800082c   Section       36  init.o(.text)
    .text                                    0x08000850   Section        0  llushr.o(.text)
    i.ADC_Init                               0x08000870   Section        0  adc.o(i.ADC_Init)
    i.ADC_Task                               0x080008e0   Section        0  main.o(i.ADC_Task)
    ADC_Task                                 0x080008e1   Thumb Code   226  main.o(i.ADC_Task)
    i.BusFault_Handler                       0x08000a74   Section        0  gd32f30x_it.o(i.BusFault_Handler)
    i.CalcRefVec                             0x08000a78   Section        0  foc.o(i.CalcRefVec)
    i.Clark_f32                              0x08000aa8   Section        0  foc.o(i.Clark_f32)
    i.ClearDR                                0x08000ac4   Section        0  motortask.o(i.ClearDR)
    i.CsOFF                                  0x08000ac8   Section        0  motortask.o(i.CsOFF)
    i.CsON                                   0x08000aca   Section        0  motortask.o(i.CsON)
    i.CurrentCal                             0x08000acc   Section        0  motortask.o(i.CurrentCal)
    i.DebugMon_Handler                       0x08000b98   Section        0  gd32f30x_it.o(i.DebugMon_Handler)
    i.EXTI0_IRQHandler                       0x08000b9c   Section        0  key.o(i.EXTI0_IRQHandler)
    i.ElecDegCal                             0x08000c6c   Section        0  motortask.o(i.ElecDegCal)
    i.Get_Store_UserParam                    0x08000cf4   Section        0  storetask.o(i.Get_Store_UserParam)
    i.HardFault_Handler                      0x08000d08   Section        0  gd32f30x_it.o(i.HardFault_Handler)
    i.InvPark_f32                            0x08000d0a   Section        0  foc.o(i.InvPark_f32)
    i.KeyScan_Task                           0x08000d24   Section        0  main.o(i.KeyScan_Task)
    KeyScan_Task                             0x08000d25   Thumb Code    66  main.o(i.KeyScan_Task)
    i.Key_Init                               0x08000d98   Section        0  key.o(i.Key_Init)
    i.LED_Init                               0x08000de0   Section        0  gpio.o(i.LED_Init)
    i.LED_Task                               0x08000e24   Section        0  main.o(i.LED_Task)
    LED_Task                                 0x08000e25   Thumb Code    66  main.o(i.LED_Task)
    i.MT6815_READ_NEW_DATA                   0x08000ed4   Section        0  mt6815.o(i.MT6815_READ_NEW_DATA)
    i.MemManage_Handler                      0x08000efe   Section        0  gd32f30x_it.o(i.MemManage_Handler)
    i.Motor_Task                             0x08000f00   Section        0  motortask.o(i.Motor_Task)
    i.Motor_Task_Init                        0x08000fc4   Section        0  motortask.o(i.Motor_Task_Init)
    i.NMI_Handler                            0x080010f8   Section        0  gd32f30x_it.o(i.NMI_Handler)
    i.PWMTestTask                            0x080010fc   Section        0  pwm.o(i.PWMTestTask)
    i.PWM_Cal                                0x08001130   Section        0  motortask.o(i.PWM_Cal)
    i.PWM_Init                               0x080013f4   Section        0  pwm.o(i.PWM_Init)
    i.Park_f32                               0x08001498   Section        0  foc.o(i.Park_f32)
    i.PidCal                                 0x080014b2   Section        0  pid.o(i.PidCal)
    i.SPITest_Task                           0x0800158c   Section        0  main.o(i.SPITest_Task)
    SPITest_Task                             0x0800158d   Thumb Code     8  main.o(i.SPITest_Task)
    i.SPI_Init                               0x08001594   Section        0  mt6815.o(i.SPI_Init)
    i.SPI_SendByte                           0x08001618   Section        0  mt6815.o(i.SPI_SendByte)
    i.Start_Task                             0x08001638   Section        0  main.o(i.Start_Task)
    Start_Task                               0x08001639   Thumb Code   254  main.o(i.Start_Task)
    i.StateJudgment_Task                     0x08001910   Section        0  main.o(i.StateJudgment_Task)
    StateJudgment_Task                       0x08001911   Thumb Code    42  main.o(i.StateJudgment_Task)
    i.StoreTask                              0x08001944   Section        0  storetask.o(i.StoreTask)
    i.Store_Task_Init                        0x080019b8   Section        0  storetask.o(i.Store_Task_Init)
    i.Svpwm                                  0x08001aac   Section        0  motortask.o(i.Svpwm)
    i.SysTick_Handler                        0x08001de4   Section        0  port.o(i.SysTick_Handler)
    i.SystemInit                             0x08001e10   Section        0  system_gd32f30x.o(i.SystemInit)
    i.USART0_IRQHandler                      0x08001f30   Section        0  usart.o(i.USART0_IRQHandler)
    i.UsageFault_Handler                     0x08001fa8   Section        0  gd32f30x_it.o(i.UsageFault_Handler)
    i.Usart_Init                             0x08001fac   Section        0  usart.o(i.Usart_Init)
    i.__0printf                              0x0800204c   Section        0  printfa.o(i.__0printf)
    i.__scatterload_copy                     0x0800206c   Section       14  handlers.o(i.__scatterload_copy)
    i.__scatterload_null                     0x0800207a   Section        2  handlers.o(i.__scatterload_null)
    i.__scatterload_zeroinit                 0x0800207c   Section       14  handlers.o(i.__scatterload_zeroinit)
    i._fp_digits                             0x0800208c   Section        0  printfa.o(i._fp_digits)
    _fp_digits                               0x0800208d   Thumb Code   366  printfa.o(i._fp_digits)
    i._printf_core                           0x08002210   Section        0  printfa.o(i._printf_core)
    _printf_core                             0x08002211   Thumb Code  1744  printfa.o(i._printf_core)
    i._printf_post_padding                   0x080028ec   Section        0  printfa.o(i._printf_post_padding)
    _printf_post_padding                     0x080028ed   Thumb Code    36  printfa.o(i._printf_post_padding)
    i._printf_pre_padding                    0x08002910   Section        0  printfa.o(i._printf_pre_padding)
    _printf_pre_padding                      0x08002911   Thumb Code    46  printfa.o(i._printf_pre_padding)
    i.adc_calibration_enable                 0x0800293e   Section        0  gd32f30x_adc.o(i.adc_calibration_enable)
    i.adc_channel_length_config              0x08002960   Section        0  gd32f30x_adc.o(i.adc_channel_length_config)
    i.adc_data_alignment_config              0x08002998   Section        0  gd32f30x_adc.o(i.adc_data_alignment_config)
    i.adc_enable                             0x080029aa   Section        0  gd32f30x_adc.o(i.adc_enable)
    i.adc_external_trigger_config            0x080029be   Section        0  gd32f30x_adc.o(i.adc_external_trigger_config)
    i.adc_external_trigger_source_config     0x080029fc   Section        0  gd32f30x_adc.o(i.adc_external_trigger_source_config)
    i.adc_inserted_channel_config            0x08002a26   Section        0  gd32f30x_adc.o(i.adc_inserted_channel_config)
    i.adc_mode_config                        0x08002a98   Section        0  gd32f30x_adc.o(i.adc_mode_config)
    i.adc_software_trigger_enable            0x08002ab0   Section        0  gd32f30x_adc.o(i.adc_software_trigger_enable)
    i.adc_special_function_config            0x08002ad0   Section        0  gd32f30x_adc.o(i.adc_special_function_config)
    i.adc_tempsensor_vrefint_enable          0x08002b2c   Section        0  gd32f30x_adc.o(i.adc_tempsensor_vrefint_enable)
    i.arm_cos_f32                            0x08002b3c   Section        0  math.o(i.arm_cos_f32)
    i.arm_sin_f32                            0x08002bb4   Section        0  math.o(i.arm_sin_f32)
    i.exti_init                              0x08002c44   Section        0  gd32f30x_exti.o(i.exti_init)
    i.exti_interrupt_flag_clear              0x08002cd4   Section        0  gd32f30x_exti.o(i.exti_interrupt_flag_clear)
    i.exti_interrupt_flag_get                0x08002ce0   Section        0  gd32f30x_exti.o(i.exti_interrupt_flag_get)
    i.fputc                                  0x08002d00   Section        0  usart.o(i.fputc)
    i.gpio_bit_reset                         0x08002d24   Section        0  gd32f30x_gpio.o(i.gpio_bit_reset)
    i.gpio_bit_set                           0x08002d28   Section        0  gd32f30x_gpio.o(i.gpio_bit_set)
    i.gpio_exti_source_select                0x08002d2c   Section        0  gd32f30x_gpio.o(i.gpio_exti_source_select)
    i.gpio_init                              0x08002d88   Section        0  gd32f30x_gpio.o(i.gpio_init)
    i.main                                   0x08002e2c   Section        0  main.o(i.main)
    i.nvic_irq_enable                        0x08002f90   Section        0  gd32f30x_misc.o(i.nvic_irq_enable)
    i.nvic_priority_group_set                0x0800304c   Section        0  gd32f30x_misc.o(i.nvic_priority_group_set)
    i.osPoolCreate                           0x08003060   Section        0  storetask.o(i.osPoolCreate)
    i.prvAddCurrentTaskToDelayedList         0x080030dc   Section        0  tasks.o(i.prvAddCurrentTaskToDelayedList)
    prvAddCurrentTaskToDelayedList           0x080030dd   Thumb Code   108  tasks.o(i.prvAddCurrentTaskToDelayedList)
    i.prvIdleTask                            0x08003150   Section        0  tasks.o(i.prvIdleTask)
    prvIdleTask                              0x08003151   Thumb Code    88  tasks.o(i.prvIdleTask)
    i.prvTaskExitError                       0x080031b4   Section        0  port.o(i.prvTaskExitError)
    prvTaskExitError                         0x080031b5   Thumb Code    16  port.o(i.prvTaskExitError)
    i.prvUnlockQueue                         0x080031c4   Section        0  queue.o(i.prvUnlockQueue)
    prvUnlockQueue                           0x080031c5   Thumb Code   108  queue.o(i.prvUnlockQueue)
    i.pvPortMalloc                           0x08003230   Section        0  heap_4.o(i.pvPortMalloc)
    i.pxPortInitialiseStack                  0x0800337c   Section        0  port.o(i.pxPortInitialiseStack)
    i.rcu_clock_freq_get                     0x080033a8   Section        0  gd32f30x_rcu.o(i.rcu_clock_freq_get)
    i.rcu_periph_clock_enable                0x080034cc   Section        0  gd32f30x_rcu.o(i.rcu_periph_clock_enable)
    i.rcu_periph_reset_disable               0x080034e8   Section        0  gd32f30x_rcu.o(i.rcu_periph_reset_disable)
    i.rcu_periph_reset_enable                0x08003506   Section        0  gd32f30x_rcu.o(i.rcu_periph_reset_enable)
    i.spi_enable                             0x08003522   Section        0  gd32f30x_spi.o(i.spi_enable)
    i.spi_init                               0x0800352c   Section        0  gd32f30x_spi.o(i.spi_init)
    i.timer_auto_reload_shadow_enable        0x0800355a   Section        0  gd32f30x_timer.o(i.timer_auto_reload_shadow_enable)
    i.timer_channel_output_config            0x08003564   Section        0  gd32f30x_timer.o(i.timer_channel_output_config)
    i.timer_channel_output_mode_config       0x08003750   Section        0  gd32f30x_timer.o(i.timer_channel_output_mode_config)
    i.timer_channel_output_pulse_value_config 0x080037a0   Section        0  gd32f30x_timer.o(i.timer_channel_output_pulse_value_config)
    i.timer_channel_output_shadow_config     0x080037c0   Section        0  gd32f30x_timer.o(i.timer_channel_output_shadow_config)
    i.timer_deinit                           0x08003810   Section        0  gd32f30x_timer.o(i.timer_deinit)
    i.timer_enable                           0x080038f4   Section        0  gd32f30x_timer.o(i.timer_enable)
    i.timer_init                             0x08003900   Section        0  gd32f30x_timer.o(i.timer_init)
    i.timer_interrupt_enable                 0x080039b4   Section        0  gd32f30x_timer.o(i.timer_interrupt_enable)
    i.timer_primary_output_config            0x080039bc   Section        0  gd32f30x_timer.o(i.timer_primary_output_config)
    i.usart_baudrate_set                     0x080039d0   Section        0  gd32f30x_usart.o(i.usart_baudrate_set)
    i.usart_data_transmit                    0x08003a30   Section        0  gd32f30x_usart.o(i.usart_data_transmit)
    i.usart_deinit                           0x08003a38   Section        0  gd32f30x_usart.o(i.usart_deinit)
    i.usart_enable                           0x08003acc   Section        0  gd32f30x_usart.o(i.usart_enable)
    i.usart_flag_get                         0x08003ad6   Section        0  gd32f30x_usart.o(i.usart_flag_get)
    i.usart_hardware_flow_cts_config         0x08003aee   Section        0  gd32f30x_usart.o(i.usart_hardware_flow_cts_config)
    i.usart_hardware_flow_rts_config         0x08003afa   Section        0  gd32f30x_usart.o(i.usart_hardware_flow_rts_config)
    i.usart_interrupt_enable                 0x08003b06   Section        0  gd32f30x_usart.o(i.usart_interrupt_enable)
    i.usart_interrupt_flag_clear             0x08003b1c   Section        0  gd32f30x_usart.o(i.usart_interrupt_flag_clear)
    i.usart_interrupt_flag_get               0x08003b34   Section        0  gd32f30x_usart.o(i.usart_interrupt_flag_get)
    i.usart_parity_config                    0x08003b62   Section        0  gd32f30x_usart.o(i.usart_parity_config)
    i.usart_receive_config                   0x08003b72   Section        0  gd32f30x_usart.o(i.usart_receive_config)
    i.usart_stop_bit_set                     0x08003b7e   Section        0  gd32f30x_usart.o(i.usart_stop_bit_set)
    i.usart_transmit_config                  0x08003b8e   Section        0  gd32f30x_usart.o(i.usart_transmit_config)
    i.usart_word_length_set                  0x08003b9a   Section        0  gd32f30x_usart.o(i.usart_word_length_set)
    i.uxListRemove                           0x08003baa   Section        0  list.o(i.uxListRemove)
    i.uxQueueMessagesWaiting                 0x08003bd0   Section        0  queue.o(i.uxQueueMessagesWaiting)
    i.vListInitialise                        0x08003be2   Section        0  list.o(i.vListInitialise)
    i.vListInitialiseItem                    0x08003bf8   Section        0  list.o(i.vListInitialiseItem)
    i.vListInsert                            0x08003c00   Section        0  list.o(i.vListInsert)
    i.vListInsertEnd                         0x08003c3a   Section        0  list.o(i.vListInsertEnd)
    i.vPortEnterCritical                     0x08003c54   Section        0  port.o(i.vPortEnterCritical)
    i.vPortExitCritical                      0x08003c70   Section        0  port.o(i.vPortExitCritical)
    i.vPortFree                              0x08003c88   Section        0  heap_4.o(i.vPortFree)
    i.vPortSetupTimerInterrupt               0x08003d18   Section        0  port.o(i.vPortSetupTimerInterrupt)
    i.vTaskDelay                             0x08003d30   Section        0  tasks.o(i.vTaskDelay)
    i.vTaskDelete                            0x08003d68   Section        0  tasks.o(i.vTaskDelete)
    i.vTaskInternalSetTimeOutState           0x08003e24   Section        0  tasks.o(i.vTaskInternalSetTimeOutState)
    i.vTaskMissedYield                       0x08003e34   Section        0  tasks.o(i.vTaskMissedYield)
    i.vTaskPlaceOnEventList                  0x08003e40   Section        0  tasks.o(i.vTaskPlaceOnEventList)
    i.vTaskStartScheduler                    0x08003e60   Section        0  tasks.o(i.vTaskStartScheduler)
    i.vTaskSuspendAll                        0x08003ebc   Section        0  tasks.o(i.vTaskSuspendAll)
    i.vTaskSwitchContext                     0x08003ecc   Section        0  tasks.o(i.vTaskSwitchContext)
    i.xPortStartScheduler                    0x08003f14   Section        0  port.o(i.xPortStartScheduler)
    i.xQueueCreateCountingSemaphore          0x08003f54   Section        0  queue.o(i.xQueueCreateCountingSemaphore)
    i.xQueueGenericCreate                    0x08003fba   Section        0  queue.o(i.xQueueGenericCreate)
    i.xQueueGenericSend                      0x08004024   Section        0  queue.o(i.xQueueGenericSend)
    i.xQueueGiveFromISR                      0x08004170   Section        0  queue.o(i.xQueueGiveFromISR)
    i.xQueueReceive                          0x080041c4   Section        0  queue.o(i.xQueueReceive)
    i.xQueueReceiveFromISR                   0x080042d8   Section        0  queue.o(i.xQueueReceiveFromISR)
    i.xQueueSemaphoreTake                    0x08004354   Section        0  queue.o(i.xQueueSemaphoreTake)
    i.xTaskCheckForTimeOut                   0x0800444c   Section        0  tasks.o(i.xTaskCheckForTimeOut)
    i.xTaskCreate                            0x080044ac   Section        0  tasks.o(i.xTaskCreate)
    i.xTaskIncrementTick                     0x08004628   Section        0  tasks.o(i.xTaskIncrementTick)
    i.xTaskRemoveFromEventList               0x080046fc   Section        0  tasks.o(i.xTaskRemoveFromEventList)
    i.xTaskResumeAll                         0x08004760   Section        0  tasks.o(i.xTaskResumeAll)
    .constdata                               0x080048e8   Section     2052  math.o(.constdata)
    .constdata                               0x080050ec   Section       36  storetask.o(.constdata)
    .data                                    0x20000000   Section        1  userflag.o(.data)
    .data                                    0x20000004   Section        4  userflag.o(.data)
    .data                                    0x20000008   Section        4  userflag.o(.data)
    .data                                    0x2000000c   Section        4  userflag.o(.data)
    .data                                    0x20000010   Section        4  userflag.o(.data)
    .data                                    0x20000014   Section        4  userflag.o(.data)
    .data                                    0x20000018   Section        4  userflag.o(.data)
    .data                                    0x2000001c   Section        4  userflag.o(.data)
    .data                                    0x20000020   Section        4  userflag.o(.data)
    .data                                    0x20000024   Section        4  userflag.o(.data)
    .data                                    0x20000028   Section        4  userflag.o(.data)
    .data                                    0x2000002c   Section        4  userflag.o(.data)
    .data                                    0x20000030   Section        4  userflag.o(.data)
    .data                                    0x20000034   Section        4  userflag.o(.data)
    .data                                    0x20000038   Section        4  userflag.o(.data)
    .data                                    0x2000003c   Section        4  userflag.o(.data)
    .data                                    0x20000040   Section        4  port.o(.data)
    uxCriticalNesting                        0x20000040   Data           4  port.o(.data)
    .data                                    0x20000044   Section       32  heap_4.o(.data)
    pxEnd                                    0x20000044   Data           4  heap_4.o(.data)
    xFreeBytesRemaining                      0x20000048   Data           4  heap_4.o(.data)
    xMinimumEverFreeBytesRemaining           0x2000004c   Data           4  heap_4.o(.data)
    xNumberOfSuccessfulAllocations           0x20000050   Data           4  heap_4.o(.data)
    xNumberOfSuccessfulFrees                 0x20000054   Data           4  heap_4.o(.data)
    xBlockAllocatedBit                       0x20000058   Data           4  heap_4.o(.data)
    xStart                                   0x2000005c   Data           8  heap_4.o(.data)
    .data                                    0x20000064   Section       60  tasks.o(.data)
    uxDeletedTasksWaitingCleanUp             0x20000068   Data           4  tasks.o(.data)
    uxCurrentNumberOfTasks                   0x2000006c   Data           4  tasks.o(.data)
    xTickCount                               0x20000070   Data           4  tasks.o(.data)
    uxTopReadyPriority                       0x20000074   Data           4  tasks.o(.data)
    xSchedulerRunning                        0x20000078   Data           4  tasks.o(.data)
    xPendedTicks                             0x2000007c   Data           4  tasks.o(.data)
    xYieldPending                            0x20000080   Data           4  tasks.o(.data)
    xNumOfOverflows                          0x20000084   Data           4  tasks.o(.data)
    uxTaskNumber                             0x20000088   Data           4  tasks.o(.data)
    xNextTaskUnblockTime                     0x2000008c   Data           4  tasks.o(.data)
    xIdleTaskHandle                          0x20000090   Data           4  tasks.o(.data)
    uxSchedulerSuspended                     0x20000094   Data           4  tasks.o(.data)
    pxDelayedTaskList                        0x20000098   Data           4  tasks.o(.data)
    pxOverflowDelayedTaskList                0x2000009c   Data           4  tasks.o(.data)
    .data                                    0x200000a0   Section       28  motortask.o(.data)
    .data                                    0x200000bc   Section       28  storetask.o(.data)
    .data                                    0x200000d8   Section        4  stdout.o(.data)
    .bss                                     0x200000dc   Section    17408  heap_4.o(.bss)
    ucHeap                                   0x200000dc   Data       17408  heap_4.o(.bss)
    .bss                                     0x200044dc   Section      200  tasks.o(.bss)
    pxReadyTasksLists                        0x200044dc   Data         100  tasks.o(.bss)
    xDelayedTaskList1                        0x20004540   Data          20  tasks.o(.bss)
    xDelayedTaskList2                        0x20004554   Data          20  tasks.o(.bss)
    xPendingReadyList                        0x20004568   Data          20  tasks.o(.bss)
    xTasksWaitingTermination                 0x2000457c   Data          20  tasks.o(.bss)
    xSuspendedTaskList                       0x20004590   Data          20  tasks.o(.bss)
    .bss                                     0x200045a4   Section       80  pid.o(.bss)
    .bss                                     0x200045f4   Section       80  pid.o(.bss)
    .bss                                     0x20004644   Section       80  pid.o(.bss)
    .bss                                     0x20004694   Section       64  foc.o(.bss)
    .bss                                     0x200046d4   Section       32  storetask.o(.bss)
    STACK                                    0x200046f8   Section     1024  startup_gd32f30x_hd.o(STACK)

    Global Symbols

    Symbol Name                              Value     Ov Type        Size  Object(Section)

    BuildAttributes$$THM_ISAv4$E$P$D$K$B$S$7EM$VFPi3$EXTD16$VFPS$VFMA$PE$A:L22UL41UL21$X:L11$S22US41US21$IEEE1$IW$USESV6$~STKCKD$USESV7$~SHL$OTIME$ROPI$EBA8$MICROLIB$REQ8$PRES8$EABIv2 0x00000000   Number         0  anon$$obj.o ABSOLUTE
    __ARM_use_no_argv                        0x00000000   Number         0  main.o ABSOLUTE
    _printf_a                                0x00000000   Number         0  stubs.o ABSOLUTE
    _printf_c                                0x00000000   Number         0  stubs.o ABSOLUTE
    _printf_charcount                        0x00000000   Number         0  stubs.o ABSOLUTE
    _printf_d                                0x00000000   Number         0  stubs.o ABSOLUTE
    _printf_e                                0x00000000   Number         0  stubs.o ABSOLUTE
    _printf_f                                0x00000000   Number         0  stubs.o ABSOLUTE
    _printf_flags                            0x00000000   Number         0  stubs.o ABSOLUTE
    _printf_fp_dec                           0x00000000   Number         0  stubs.o ABSOLUTE
    _printf_fp_hex                           0x00000000   Number         0  stubs.o ABSOLUTE
    _printf_g                                0x00000000   Number         0  stubs.o ABSOLUTE
    _printf_i                                0x00000000   Number         0  stubs.o ABSOLUTE
    _printf_int_dec                          0x00000000   Number         0  stubs.o ABSOLUTE
    _printf_l                                0x00000000   Number         0  stubs.o ABSOLUTE
    _printf_lc                               0x00000000   Number         0  stubs.o ABSOLUTE
    _printf_ll                               0x00000000   Number         0  stubs.o ABSOLUTE
    _printf_lld                              0x00000000   Number         0  stubs.o ABSOLUTE
    _printf_lli                              0x00000000   Number         0  stubs.o ABSOLUTE
    _printf_llo                              0x00000000   Number         0  stubs.o ABSOLUTE
    _printf_llu                              0x00000000   Number         0  stubs.o ABSOLUTE
    _printf_llx                              0x00000000   Number         0  stubs.o ABSOLUTE
    _printf_longlong_dec                     0x00000000   Number         0  stubs.o ABSOLUTE
    _printf_longlong_hex                     0x00000000   Number         0  stubs.o ABSOLUTE
    _printf_longlong_oct                     0x00000000   Number         0  stubs.o ABSOLUTE
    _printf_ls                               0x00000000   Number         0  stubs.o ABSOLUTE
    _printf_mbtowc                           0x00000000   Number         0  stubs.o ABSOLUTE
    _printf_n                                0x00000000   Number         0  stubs.o ABSOLUTE
    _printf_o                                0x00000000   Number         0  stubs.o ABSOLUTE
    _printf_p                                0x00000000   Number         0  stubs.o ABSOLUTE
    _printf_percent                          0x00000000   Number         0  stubs.o ABSOLUTE
    _printf_pre_padding                      0x00000000   Number         0  stubs.o ABSOLUTE
    _printf_return_value                     0x00000000   Number         0  stubs.o ABSOLUTE
    _printf_s                                0x00000000   Number         0  stubs.o ABSOLUTE
    _printf_sizespec                         0x00000000   Number         0  stubs.o ABSOLUTE
    _printf_str                              0x00000000   Number         0  stubs.o ABSOLUTE
    _printf_truncate_signed                  0x00000000   Number         0  stubs.o ABSOLUTE
    _printf_truncate_unsigned                0x00000000   Number         0  stubs.o ABSOLUTE
    _printf_u                                0x00000000   Number         0  stubs.o ABSOLUTE
    _printf_wc                               0x00000000   Number         0  stubs.o ABSOLUTE
    _printf_wctomb                           0x00000000   Number         0  stubs.o ABSOLUTE
    _printf_widthprec                        0x00000000   Number         0  stubs.o ABSOLUTE
    _printf_x                                0x00000000   Number         0  stubs.o ABSOLUTE
    __cpp_initialize__aeabi_                  - Undefined Weak Reference
    __cxa_finalize                            - Undefined Weak Reference
    __decompress                              - Undefined Weak Reference
    _clock_init                               - Undefined Weak Reference
    _microlib_exit                            - Undefined Weak Reference
    __Vectors_Size                           0x00000130   Number         0  startup_gd32f30x_hd.o ABSOLUTE
    __Vectors                                0x08000000   Data           4  startup_gd32f30x_hd.o(RESET)
    __Vectors_End                            0x08000130   Data           0  startup_gd32f30x_hd.o(RESET)
    __main                                   0x08000131   Thumb Code     0  entry.o(.ARM.Collect$$$$00000000)
    _main_stk                                0x08000131   Thumb Code     0  entry2.o(.ARM.Collect$$$$00000001)
    _main_scatterload                        0x08000135   Thumb Code     0  entry5.o(.ARM.Collect$$$$00000004)
    __main_after_scatterload                 0x08000139   Thumb Code     0  entry5.o(.ARM.Collect$$$$00000004)
    _main_clock                              0x08000139   Thumb Code     0  entry7b.o(.ARM.Collect$$$$00000008)
    _main_cpp_init                           0x08000139   Thumb Code     0  entry8b.o(.ARM.Collect$$$$0000000A)
    _main_init                               0x08000139   Thumb Code     0  entry9a.o(.ARM.Collect$$$$0000000B)
    __rt_final_cpp                           0x08000141   Thumb Code     0  entry10a.o(.ARM.Collect$$$$0000000D)
    __rt_final_exit                          0x08000141   Thumb Code     0  entry11a.o(.ARM.Collect$$$$0000000F)
    SVC_Handler                              0x08000145   Thumb Code    28  port.o(.emb_text)
    __asm___6_port_c_39a90d8d__prvStartFirstTask 0x08000165   Thumb Code    36  port.o(.emb_text)
    __asm___6_port_c_39a90d8d__prvEnableVFP  0x0800018d   Thumb Code    16  port.o(.emb_text)
    PendSV_Handler                           0x080001a1   Thumb Code    88  port.o(.emb_text)
    vPortGetIPSR                             0x080001fd   Thumb Code     6  port.o(.emb_text)
    Reset_Handler                            0x08000205   Thumb Code     8  startup_gd32f30x_hd.o(.text)
    ADC0_1_IRQHandler                        0x0800021f   Thumb Code     0  startup_gd32f30x_hd.o(.text)
    ADC2_IRQHandler                          0x0800021f   Thumb Code     0  startup_gd32f30x_hd.o(.text)
    CAN0_EWMC_IRQHandler                     0x0800021f   Thumb Code     0  startup_gd32f30x_hd.o(.text)
    CAN0_RX1_IRQHandler                      0x0800021f   Thumb Code     0  startup_gd32f30x_hd.o(.text)
    DMA0_Channel0_IRQHandler                 0x0800021f   Thumb Code     0  startup_gd32f30x_hd.o(.text)
    DMA0_Channel1_IRQHandler                 0x0800021f   Thumb Code     0  startup_gd32f30x_hd.o(.text)
    DMA0_Channel2_IRQHandler                 0x0800021f   Thumb Code     0  startup_gd32f30x_hd.o(.text)
    DMA0_Channel3_IRQHandler                 0x0800021f   Thumb Code     0  startup_gd32f30x_hd.o(.text)
    DMA0_Channel4_IRQHandler                 0x0800021f   Thumb Code     0  startup_gd32f30x_hd.o(.text)
    DMA0_Channel5_IRQHandler                 0x0800021f   Thumb Code     0  startup_gd32f30x_hd.o(.text)
    DMA0_Channel6_IRQHandler                 0x0800021f   Thumb Code     0  startup_gd32f30x_hd.o(.text)
    DMA1_Channel0_IRQHandler                 0x0800021f   Thumb Code     0  startup_gd32f30x_hd.o(.text)
    DMA1_Channel1_IRQHandler                 0x0800021f   Thumb Code     0  startup_gd32f30x_hd.o(.text)
    DMA1_Channel2_IRQHandler                 0x0800021f   Thumb Code     0  startup_gd32f30x_hd.o(.text)
    DMA1_Channel3_4_IRQHandler               0x0800021f   Thumb Code     0  startup_gd32f30x_hd.o(.text)
    EXMC_IRQHandler                          0x0800021f   Thumb Code     0  startup_gd32f30x_hd.o(.text)
    EXTI10_15_IRQHandler                     0x0800021f   Thumb Code     0  startup_gd32f30x_hd.o(.text)
    EXTI1_IRQHandler                         0x0800021f   Thumb Code     0  startup_gd32f30x_hd.o(.text)
    EXTI2_IRQHandler                         0x0800021f   Thumb Code     0  startup_gd32f30x_hd.o(.text)
    EXTI3_IRQHandler                         0x0800021f   Thumb Code     0  startup_gd32f30x_hd.o(.text)
    EXTI4_IRQHandler                         0x0800021f   Thumb Code     0  startup_gd32f30x_hd.o(.text)
    EXTI5_9_IRQHandler                       0x0800021f   Thumb Code     0  startup_gd32f30x_hd.o(.text)
    FMC_IRQHandler                           0x0800021f   Thumb Code     0  startup_gd32f30x_hd.o(.text)
    I2C0_ER_IRQHandler                       0x0800021f   Thumb Code     0  startup_gd32f30x_hd.o(.text)
    I2C0_EV_IRQHandler                       0x0800021f   Thumb Code     0  startup_gd32f30x_hd.o(.text)
    I2C1_ER_IRQHandler                       0x0800021f   Thumb Code     0  startup_gd32f30x_hd.o(.text)
    I2C1_EV_IRQHandler                       0x0800021f   Thumb Code     0  startup_gd32f30x_hd.o(.text)
    LVD_IRQHandler                           0x0800021f   Thumb Code     0  startup_gd32f30x_hd.o(.text)
    RCU_CTC_IRQHandler                       0x0800021f   Thumb Code     0  startup_gd32f30x_hd.o(.text)
    RTC_Alarm_IRQHandler                     0x0800021f   Thumb Code     0  startup_gd32f30x_hd.o(.text)
    RTC_IRQHandler                           0x0800021f   Thumb Code     0  startup_gd32f30x_hd.o(.text)
    SDIO_IRQHandler                          0x0800021f   Thumb Code     0  startup_gd32f30x_hd.o(.text)
    SPI0_IRQHandler                          0x0800021f   Thumb Code     0  startup_gd32f30x_hd.o(.text)
    SPI1_IRQHandler                          0x0800021f   Thumb Code     0  startup_gd32f30x_hd.o(.text)
    SPI2_IRQHandler                          0x0800021f   Thumb Code     0  startup_gd32f30x_hd.o(.text)
    TAMPER_IRQHandler                        0x0800021f   Thumb Code     0  startup_gd32f30x_hd.o(.text)
    TIMER0_BRK_IRQHandler                    0x0800021f   Thumb Code     0  startup_gd32f30x_hd.o(.text)
    TIMER0_Channel_IRQHandler                0x0800021f   Thumb Code     0  startup_gd32f30x_hd.o(.text)
    TIMER0_TRG_CMT_IRQHandler                0x0800021f   Thumb Code     0  startup_gd32f30x_hd.o(.text)
    TIMER0_UP_IRQHandler                     0x0800021f   Thumb Code     0  startup_gd32f30x_hd.o(.text)
    TIMER1_IRQHandler                        0x0800021f   Thumb Code     0  startup_gd32f30x_hd.o(.text)
    TIMER2_IRQHandler                        0x0800021f   Thumb Code     0  startup_gd32f30x_hd.o(.text)
    TIMER3_IRQHandler                        0x0800021f   Thumb Code     0  startup_gd32f30x_hd.o(.text)
    TIMER4_IRQHandler                        0x0800021f   Thumb Code     0  startup_gd32f30x_hd.o(.text)
    TIMER5_IRQHandler                        0x0800021f   Thumb Code     0  startup_gd32f30x_hd.o(.text)
    TIMER6_IRQHandler                        0x0800021f   Thumb Code     0  startup_gd32f30x_hd.o(.text)
    TIMER7_BRK_IRQHandler                    0x0800021f   Thumb Code     0  startup_gd32f30x_hd.o(.text)
    TIMER7_Channel_IRQHandler                0x0800021f   Thumb Code     0  startup_gd32f30x_hd.o(.text)
    TIMER7_TRG_CMT_IRQHandler                0x0800021f   Thumb Code     0  startup_gd32f30x_hd.o(.text)
    TIMER7_UP_IRQHandler                     0x0800021f   Thumb Code     0  startup_gd32f30x_hd.o(.text)
    UART3_IRQHandler                         0x0800021f   Thumb Code     0  startup_gd32f30x_hd.o(.text)
    UART4_IRQHandler                         0x0800021f   Thumb Code     0  startup_gd32f30x_hd.o(.text)
    USART1_IRQHandler                        0x0800021f   Thumb Code     0  startup_gd32f30x_hd.o(.text)
    USART2_IRQHandler                        0x0800021f   Thumb Code     0  startup_gd32f30x_hd.o(.text)
    USBD_HP_CAN0_TX_IRQHandler               0x0800021f   Thumb Code     0  startup_gd32f30x_hd.o(.text)
    USBD_LP_CAN0_RX0_IRQHandler              0x0800021f   Thumb Code     0  startup_gd32f30x_hd.o(.text)
    USBD_WKUP_IRQHandler                     0x0800021f   Thumb Code     0  startup_gd32f30x_hd.o(.text)
    WWDGT_IRQHandler                         0x0800021f   Thumb Code     0  startup_gd32f30x_hd.o(.text)
    __aeabi_memcpy                           0x08000229   Thumb Code    36  memcpya.o(.text)
    __aeabi_memcpy4                          0x08000229   Thumb Code     0  memcpya.o(.text)
    __aeabi_memcpy8                          0x08000229   Thumb Code     0  memcpya.o(.text)
    __aeabi_dadd                             0x0800024d   Thumb Code   322  dadd.o(.text)
    __aeabi_dsub                             0x0800038f   Thumb Code     6  dadd.o(.text)
    __aeabi_drsub                            0x08000395   Thumb Code     6  dadd.o(.text)
    __aeabi_dmul                             0x0800039b   Thumb Code   228  dmul.o(.text)
    __aeabi_ddiv                             0x0800047f   Thumb Code   222  ddiv.o(.text)
    __aeabi_ui2d                             0x0800055d   Thumb Code    26  dfltui.o(.text)
    __aeabi_f2d                              0x08000577   Thumb Code    38  f2d.o(.text)
    __aeabi_d2f                              0x0800059d   Thumb Code    56  d2f.o(.text)
    __aeabi_uidiv                            0x080005d5   Thumb Code     0  uidiv.o(.text)
    __aeabi_uidivmod                         0x080005d5   Thumb Code    44  uidiv.o(.text)
    __aeabi_uldivmod                         0x08000601   Thumb Code    98  uldiv.o(.text)
    __aeabi_llsl                             0x08000663   Thumb Code    30  llshl.o(.text)
    _ll_shift_l                              0x08000663   Thumb Code     0  llshl.o(.text)
    __aeabi_lasr                             0x08000681   Thumb Code    36  llsshr.o(.text)
    _ll_sshift_r                             0x08000681   Thumb Code     0  llsshr.o(.text)
    __I$use$fp                               0x080006a5   Thumb Code     0  iusefp.o(.text)
    _float_round                             0x080006a5   Thumb Code    18  fepilogue.o(.text)
    _float_epilogue                          0x080006b7   Thumb Code    92  fepilogue.o(.text)
    _double_round                            0x08000713   Thumb Code    30  depilogue.o(.text)
    _double_epilogue                         0x08000731   Thumb Code   156  depilogue.o(.text)
    __aeabi_d2ulz                            0x080007cd   Thumb Code    48  dfixul.o(.text)
    __aeabi_cdrcmple                         0x080007fd   Thumb Code    48  cdrcmple.o(.text)
    __scatterload                            0x0800082d   Thumb Code    28  init.o(.text)
    __scatterload_rt2                        0x0800082d   Thumb Code     0  init.o(.text)
    __aeabi_llsr                             0x08000851   Thumb Code    32  llushr.o(.text)
    _ll_ushift_r                             0x08000851   Thumb Code     0  llushr.o(.text)
    ADC_Init                                 0x08000871   Thumb Code   104  adc.o(i.ADC_Init)
    BusFault_Handler                         0x08000a75   Thumb Code     2  gd32f30x_it.o(i.BusFault_Handler)
    CalcRefVec                               0x08000a79   Thumb Code    42  foc.o(i.CalcRefVec)
    Clark_f32                                0x08000aa9   Thumb Code    22  foc.o(i.Clark_f32)
    ClearDR                                  0x08000ac5   Thumb Code     4  motortask.o(i.ClearDR)
    CsOFF                                    0x08000ac9   Thumb Code     2  motortask.o(i.CsOFF)
    CsON                                     0x08000acb   Thumb Code     2  motortask.o(i.CsON)
    CurrentCal                               0x08000acd   Thumb Code   178  motortask.o(i.CurrentCal)
    DebugMon_Handler                         0x08000b99   Thumb Code     2  gd32f30x_it.o(i.DebugMon_Handler)
    EXTI0_IRQHandler                         0x08000b9d   Thumb Code    80  key.o(i.EXTI0_IRQHandler)
    ElecDegCal                               0x08000c6d   Thumb Code   108  motortask.o(i.ElecDegCal)
    Get_Store_UserParam                      0x08000cf5   Thumb Code    14  storetask.o(i.Get_Store_UserParam)
    HardFault_Handler                        0x08000d09   Thumb Code     2  gd32f30x_it.o(i.HardFault_Handler)
    InvPark_f32                              0x08000d0b   Thumb Code    26  foc.o(i.InvPark_f32)
    Key_Init                                 0x08000d99   Thumb Code    68  key.o(i.Key_Init)
    LED_Init                                 0x08000de1   Thumb Code    64  gpio.o(i.LED_Init)
    MT6815_READ_NEW_DATA                     0x08000ed5   Thumb Code    42  mt6815.o(i.MT6815_READ_NEW_DATA)
    MemManage_Handler                        0x08000eff   Thumb Code     2  gd32f30x_it.o(i.MemManage_Handler)
    Motor_Task                               0x08000f01   Thumb Code   178  motortask.o(i.Motor_Task)
    Motor_Task_Init                          0x08000fc5   Thumb Code   192  motortask.o(i.Motor_Task_Init)
    NMI_Handler                              0x080010f9   Thumb Code     2  gd32f30x_it.o(i.NMI_Handler)
    PWMTestTask                              0x080010fd   Thumb Code    46  pwm.o(i.PWMTestTask)
    PWM_Cal                                  0x08001131   Thumb Code   658  motortask.o(i.PWM_Cal)
    PWM_Init                                 0x080013f5   Thumb Code   158  pwm.o(i.PWM_Init)
    Park_f32                                 0x08001499   Thumb Code    26  foc.o(i.Park_f32)
    PidCal                                   0x080014b3   Thumb Code   218  pid.o(i.PidCal)
    SPI_Init                                 0x08001595   Thumb Code   120  mt6815.o(i.SPI_Init)
    SPI_SendByte                             0x08001619   Thumb Code    26  mt6815.o(i.SPI_SendByte)
    StoreTask                                0x08001945   Thumb Code   106  storetask.o(i.StoreTask)
    Store_Task_Init                          0x080019b9   Thumb Code   176  storetask.o(i.Store_Task_Init)
    Svpwm                                    0x08001aad   Thumb Code   816  motortask.o(i.Svpwm)
    SysTick_Handler                          0x08001de5   Thumb Code    38  port.o(i.SysTick_Handler)
    SystemInit                               0x08001e11   Thumb Code   274  system_gd32f30x.o(i.SystemInit)
    USART0_IRQHandler                        0x08001f31   Thumb Code    64  usart.o(i.USART0_IRQHandler)
    UsageFault_Handler                       0x08001fa9   Thumb Code     2  gd32f30x_it.o(i.UsageFault_Handler)
    Usart_Init                               0x08001fad   Thumb Code   150  usart.o(i.Usart_Init)
    __0printf                                0x0800204d   Thumb Code    22  printfa.o(i.__0printf)
    __1printf                                0x0800204d   Thumb Code     0  printfa.o(i.__0printf)
    __2printf                                0x0800204d   Thumb Code     0  printfa.o(i.__0printf)
    __c89printf                              0x0800204d   Thumb Code     0  printfa.o(i.__0printf)
    printf                                   0x0800204d   Thumb Code     0  printfa.o(i.__0printf)
    __scatterload_copy                       0x0800206d   Thumb Code    14  handlers.o(i.__scatterload_copy)
    __scatterload_null                       0x0800207b   Thumb Code     2  handlers.o(i.__scatterload_null)
    __scatterload_zeroinit                   0x0800207d   Thumb Code    14  handlers.o(i.__scatterload_zeroinit)
    adc_calibration_enable                   0x0800293f   Thumb Code    34  gd32f30x_adc.o(i.adc_calibration_enable)
    adc_channel_length_config                0x08002961   Thumb Code    56  gd32f30x_adc.o(i.adc_channel_length_config)
    adc_data_alignment_config                0x08002999   Thumb Code    18  gd32f30x_adc.o(i.adc_data_alignment_config)
    adc_enable                               0x080029ab   Thumb Code    20  gd32f30x_adc.o(i.adc_enable)
    adc_external_trigger_config              0x080029bf   Thumb Code    62  gd32f30x_adc.o(i.adc_external_trigger_config)
    adc_external_trigger_source_config       0x080029fd   Thumb Code    42  gd32f30x_adc.o(i.adc_external_trigger_source_config)
    adc_inserted_channel_config              0x08002a27   Thumb Code   112  gd32f30x_adc.o(i.adc_inserted_channel_config)
    adc_mode_config                          0x08002a99   Thumb Code    18  gd32f30x_adc.o(i.adc_mode_config)
    adc_software_trigger_enable              0x08002ab1   Thumb Code    32  gd32f30x_adc.o(i.adc_software_trigger_enable)
    adc_special_function_config              0x08002ad1   Thumb Code    90  gd32f30x_adc.o(i.adc_special_function_config)
    adc_tempsensor_vrefint_enable            0x08002b2d   Thumb Code    12  gd32f30x_adc.o(i.adc_tempsensor_vrefint_enable)
    arm_cos_f32                              0x08002b3d   Thumb Code   108  math.o(i.arm_cos_f32)
    arm_sin_f32                              0x08002bb5   Thumb Code   126  math.o(i.arm_sin_f32)
    exti_init                                0x08002c45   Thumb Code   140  gd32f30x_exti.o(i.exti_init)
    exti_interrupt_flag_clear                0x08002cd5   Thumb Code     6  gd32f30x_exti.o(i.exti_interrupt_flag_clear)
    exti_interrupt_flag_get                  0x08002ce1   Thumb Code    24  gd32f30x_exti.o(i.exti_interrupt_flag_get)
    fputc                                    0x08002d01   Thumb Code    30  usart.o(i.fputc)
    gpio_bit_reset                           0x08002d25   Thumb Code     4  gd32f30x_gpio.o(i.gpio_bit_reset)
    gpio_bit_set                             0x08002d29   Thumb Code     4  gd32f30x_gpio.o(i.gpio_bit_set)
    gpio_exti_source_select                  0x08002d2d   Thumb Code    86  gd32f30x_gpio.o(i.gpio_exti_source_select)
    gpio_init                                0x08002d89   Thumb Code   164  gd32f30x_gpio.o(i.gpio_init)
    main                                     0x08002e2d   Thumb Code   132  main.o(i.main)
    nvic_irq_enable                          0x08002f91   Thumb Code   180  gd32f30x_misc.o(i.nvic_irq_enable)
    nvic_priority_group_set                  0x0800304d   Thumb Code    14  gd32f30x_misc.o(i.nvic_priority_group_set)
    osPoolCreate                             0x08003061   Thumb Code   122  storetask.o(i.osPoolCreate)
    pvPortMalloc                             0x08003231   Thumb Code   318  heap_4.o(i.pvPortMalloc)
    pxPortInitialiseStack                    0x0800337d   Thumb Code    38  port.o(i.pxPortInitialiseStack)
    rcu_clock_freq_get                       0x080033a9   Thumb Code   258  gd32f30x_rcu.o(i.rcu_clock_freq_get)
    rcu_periph_clock_enable                  0x080034cd   Thumb Code    28  gd32f30x_rcu.o(i.rcu_periph_clock_enable)
    rcu_periph_reset_disable                 0x080034e9   Thumb Code    30  gd32f30x_rcu.o(i.rcu_periph_reset_disable)
    rcu_periph_reset_enable                  0x08003507   Thumb Code    28  gd32f30x_rcu.o(i.rcu_periph_reset_enable)
    spi_enable                               0x08003523   Thumb Code    10  gd32f30x_spi.o(i.spi_enable)
    spi_init                                 0x0800352d   Thumb Code    46  gd32f30x_spi.o(i.spi_init)
    timer_auto_reload_shadow_enable          0x0800355b   Thumb Code    10  gd32f30x_timer.o(i.timer_auto_reload_shadow_enable)
    timer_channel_output_config              0x08003565   Thumb Code   484  gd32f30x_timer.o(i.timer_channel_output_config)
    timer_channel_output_mode_config         0x08003751   Thumb Code    80  gd32f30x_timer.o(i.timer_channel_output_mode_config)
    timer_channel_output_pulse_value_config  0x080037a1   Thumb Code    32  gd32f30x_timer.o(i.timer_channel_output_pulse_value_config)
    timer_channel_output_shadow_config       0x080037c1   Thumb Code    80  gd32f30x_timer.o(i.timer_channel_output_shadow_config)
    timer_deinit                             0x08003811   Thumb Code   222  gd32f30x_timer.o(i.timer_deinit)
    timer_enable                             0x080038f5   Thumb Code    10  gd32f30x_timer.o(i.timer_enable)
    timer_init                               0x08003901   Thumb Code   170  gd32f30x_timer.o(i.timer_init)
    timer_interrupt_enable                   0x080039b5   Thumb Code     8  gd32f30x_timer.o(i.timer_interrupt_enable)
    timer_primary_output_config              0x080039bd   Thumb Code    18  gd32f30x_timer.o(i.timer_primary_output_config)
    usart_baudrate_set                       0x080039d1   Thumb Code    92  gd32f30x_usart.o(i.usart_baudrate_set)
    usart_data_transmit                      0x08003a31   Thumb Code     8  gd32f30x_usart.o(i.usart_data_transmit)
    usart_deinit                             0x08003a39   Thumb Code   144  gd32f30x_usart.o(i.usart_deinit)
    usart_enable                             0x08003acd   Thumb Code    10  gd32f30x_usart.o(i.usart_enable)
    usart_flag_get                           0x08003ad7   Thumb Code    24  gd32f30x_usart.o(i.usart_flag_get)
    usart_hardware_flow_cts_config           0x08003aef   Thumb Code    12  gd32f30x_usart.o(i.usart_hardware_flow_cts_config)
    usart_hardware_flow_rts_config           0x08003afb   Thumb Code    12  gd32f30x_usart.o(i.usart_hardware_flow_rts_config)
    usart_interrupt_enable                   0x08003b07   Thumb Code    22  gd32f30x_usart.o(i.usart_interrupt_enable)
    usart_interrupt_flag_clear               0x08003b1d   Thumb Code    24  gd32f30x_usart.o(i.usart_interrupt_flag_clear)
    usart_interrupt_flag_get                 0x08003b35   Thumb Code    46  gd32f30x_usart.o(i.usart_interrupt_flag_get)
    usart_parity_config                      0x08003b63   Thumb Code    16  gd32f30x_usart.o(i.usart_parity_config)
    usart_receive_config                     0x08003b73   Thumb Code    12  gd32f30x_usart.o(i.usart_receive_config)
    usart_stop_bit_set                       0x08003b7f   Thumb Code    16  gd32f30x_usart.o(i.usart_stop_bit_set)
    usart_transmit_config                    0x08003b8f   Thumb Code    12  gd32f30x_usart.o(i.usart_transmit_config)
    usart_word_length_set                    0x08003b9b   Thumb Code    16  gd32f30x_usart.o(i.usart_word_length_set)
    uxListRemove                             0x08003bab   Thumb Code    38  list.o(i.uxListRemove)
    uxQueueMessagesWaiting                   0x08003bd1   Thumb Code    18  queue.o(i.uxQueueMessagesWaiting)
    vListInitialise                          0x08003be3   Thumb Code    22  list.o(i.vListInitialise)
    vListInitialiseItem                      0x08003bf9   Thumb Code     6  list.o(i.vListInitialiseItem)
    vListInsert                              0x08003c01   Thumb Code    58  list.o(i.vListInsert)
    vListInsertEnd                           0x08003c3b   Thumb Code    24  list.o(i.vListInsertEnd)
    vPortEnterCritical                       0x08003c55   Thumb Code    24  port.o(i.vPortEnterCritical)
    vPortExitCritical                        0x08003c71   Thumb Code    20  port.o(i.vPortExitCritical)
    vPortFree                                0x08003c89   Thumb Code   134  heap_4.o(i.vPortFree)
    vPortSetupTimerInterrupt                 0x08003d19   Thumb Code    20  port.o(i.vPortSetupTimerInterrupt)
    vTaskDelay                               0x08003d31   Thumb Code    46  tasks.o(i.vTaskDelay)
    vTaskDelete                              0x08003d69   Thumb Code   170  tasks.o(i.vTaskDelete)
    vTaskInternalSetTimeOutState             0x08003e25   Thumb Code    12  tasks.o(i.vTaskInternalSetTimeOutState)
    vTaskMissedYield                         0x08003e35   Thumb Code     8  tasks.o(i.vTaskMissedYield)
    vTaskPlaceOnEventList                    0x08003e41   Thumb Code    28  tasks.o(i.vTaskPlaceOnEventList)
    vTaskStartScheduler                      0x08003e61   Thumb Code    70  tasks.o(i.vTaskStartScheduler)
    vTaskSuspendAll                          0x08003ebd   Thumb Code    10  tasks.o(i.vTaskSuspendAll)
    vTaskSwitchContext                       0x08003ecd   Thumb Code    62  tasks.o(i.vTaskSwitchContext)
    xPortStartScheduler                      0x08003f15   Thumb Code    52  port.o(i.xPortStartScheduler)
    xQueueCreateCountingSemaphore            0x08003f55   Thumb Code   102  queue.o(i.xQueueCreateCountingSemaphore)
    xQueueGenericCreate                      0x08003fbb   Thumb Code   104  queue.o(i.xQueueGenericCreate)
    xQueueGenericSend                        0x08004025   Thumb Code   328  queue.o(i.xQueueGenericSend)
    xQueueGiveFromISR                        0x08004171   Thumb Code    84  queue.o(i.xQueueGiveFromISR)
    xQueueReceive                            0x080041c5   Thumb Code   272  queue.o(i.xQueueReceive)
    xQueueReceiveFromISR                     0x080042d9   Thumb Code   124  queue.o(i.xQueueReceiveFromISR)
    xQueueSemaphoreTake                      0x08004355   Thumb Code   242  queue.o(i.xQueueSemaphoreTake)
    xTaskCheckForTimeOut                     0x0800444d   Thumb Code    92  tasks.o(i.xTaskCheckForTimeOut)
    xTaskCreate                              0x080044ad   Thumb Code   346  tasks.o(i.xTaskCreate)
    xTaskIncrementTick                       0x08004629   Thumb Code   202  tasks.o(i.xTaskIncrementTick)
    xTaskRemoveFromEventList                 0x080046fd   Thumb Code    86  tasks.o(i.xTaskRemoveFromEventList)
    xTaskResumeAll                           0x08004761   Thumb Code   380  tasks.o(i.xTaskResumeAll)
    sinTable_f32                             0x080048e8   Data        2052  math.o(.constdata)
    Region$$Table$$Base                      0x08005110   Number         0  anon$$obj.o(Region$$Table)
    Region$$Table$$Limit                     0x08005130   Number         0  anon$$obj.o(Region$$Table)
    unFlag0                                  0x20000000   Data           1  userflag.o(.data)
    u32Usart0IRQSetTimes                     0x20000004   Data           4  userflag.o(.data)
    temperature                              0x20000008   Data           4  userflag.o(.data)
    vref_value                               0x2000000c   Data           4  userflag.o(.data)
    Start_Task_Handler                       0x20000010   Data           4  userflag.o(.data)
    LED_Task_Handler                         0x20000014   Data           4  userflag.o(.data)
    ADC_Task_Handler                         0x20000018   Data           4  userflag.o(.data)
    KeyScan_Task_Handler                     0x2000001c   Data           4  userflag.o(.data)
    StateJudgment_Task_Handler               0x20000020   Data           4  userflag.o(.data)
    SPITest_Task_Handler                     0x20000024   Data           4  userflag.o(.data)
    PWMTest_Task_Handler                     0x20000028   Data           4  userflag.o(.data)
    xBinarySemaphore                         0x2000002c   Data           4  userflag.o(.data)
    xKeyMode                                 0x20000030   Data           4  userflag.o(.data)
    u32RuntimeSemaphore                      0x20000034   Data           4  userflag.o(.data)
    xRunTimeQueue                            0x20000038   Data           4  userflag.o(.data)
    currentdata                              0x2000003c   Data           4  userflag.o(.data)
    pxCurrentTCB                             0x20000064   Data           4  tasks.o(.data)
    Global_MotorStatus                       0x200000a0   Data           1  motortask.o(.data)
    Global_MotorTaskHandle                   0x200000a4   Data           4  motortask.o(.data)
    Global_AdcHandle                         0x200000a8   Data           4  motortask.o(.data)
    Global_Pwm                               0x200000ac   Data           6  motortask.o(.data)
    Global_Motor_Cal                         0x200000b4   Data           8  motortask.o(.data)
    Global_Store_Status                      0x200000bc   Data           2  storetask.o(.data)
    Global_Store_Task_Handle                 0x200000c0   Data           4  storetask.o(.data)
    Global_StoreMailhandle                   0x200000c4   Data           4  storetask.o(.data)
    Global_Store_PoolHandle                  0x200000c8   Data           4  storetask.o(.data)
    Global_Store_Ptr_PoolHandle              0x200000cc   Data           4  storetask.o(.data)
    Global_MotorCaliParam                    0x200000d0   Data           8  storetask.o(.data)
    __stdout                                 0x200000d8   Data           4  stdout.o(.data)
    Global_QPid                              0x200045a4   Data          80  pid.o(.bss)
    Global_DPid                              0x200045f4   Data          80  pid.o(.bss)
    Global_Vpid                              0x20004644   Data          80  pid.o(.bss)
    Global_Foc                               0x20004694   Data          64  foc.o(.bss)
    Global_Store_All_Param                   0x200046d4   Data          32  storetask.o(.bss)
    __initial_sp                             0x20004af8   Data           0  startup_gd32f30x_hd.o(STACK)



==============================================================================

Memory Map of the image

  Image Entry point : 0x08000131

  Load Region LR_IROM1 (Base: 0x08000000, Size: 0x0000520c, Max: 0x00100000, ABSOLUTE)

    Execution Region ER_IROM1 (Exec base: 0x08000000, Load base: 0x08000000, Size: 0x00005130, Max: 0x00100000, ABSOLUTE)

    Exec Addr    Load Addr    Size         Type   Attr      Idx    E Section Name        Object

    0x08000000   0x08000000   0x00000130   Data   RO         4413    RESET               startup_gd32f30x_hd.o
    0x08000130   0x08000130   0x00000000   Code   RO         5758  * .ARM.Collect$$$$00000000  mc_w.l(entry.o)
    0x08000130   0x08000130   0x00000004   Code   RO         6038    .ARM.Collect$$$$00000001  mc_w.l(entry2.o)
    0x08000134   0x08000134   0x00000004   Code   RO         6041    .ARM.Collect$$$$00000004  mc_w.l(entry5.o)
    0x08000138   0x08000138   0x00000000   Code   RO         6043    .ARM.Collect$$$$00000008  mc_w.l(entry7b.o)
    0x08000138   0x08000138   0x00000000   Code   RO         6045    .ARM.Collect$$$$0000000A  mc_w.l(entry8b.o)
    0x08000138   0x08000138   0x00000008   Code   RO         6046    .ARM.Collect$$$$0000000B  mc_w.l(entry9a.o)
    0x08000140   0x08000140   0x00000000   Code   RO         6048    .ARM.Collect$$$$0000000D  mc_w.l(entry10a.o)
    0x08000140   0x08000140   0x00000000   Code   RO         6050    .ARM.Collect$$$$0000000F  mc_w.l(entry11a.o)
    0x08000140   0x08000140   0x00000004   Code   RO         6039    .ARM.Collect$$$$00002712  mc_w.l(entry2.o)
    0x08000144   0x08000144   0x000000be   Code   RO         4420    .emb_text           port.o
    0x08000202   0x08000202   0x00000002   PAD
    0x08000204   0x08000204   0x00000024   Code   RO         4414    .text               startup_gd32f30x_hd.o
    0x08000228   0x08000228   0x00000024   Code   RO         5761    .text               mc_w.l(memcpya.o)
    0x0800024c   0x0800024c   0x0000014e   Code   RO         6026    .text               mf_w.l(dadd.o)
    0x0800039a   0x0800039a   0x000000e4   Code   RO         6028    .text               mf_w.l(dmul.o)
    0x0800047e   0x0800047e   0x000000de   Code   RO         6030    .text               mf_w.l(ddiv.o)
    0x0800055c   0x0800055c   0x0000001a   Code   RO         6032    .text               mf_w.l(dfltui.o)
    0x08000576   0x08000576   0x00000026   Code   RO         6034    .text               mf_w.l(f2d.o)
    0x0800059c   0x0800059c   0x00000038   Code   RO         6036    .text               mf_w.l(d2f.o)
    0x080005d4   0x080005d4   0x0000002c   Code   RO         6053    .text               mc_w.l(uidiv.o)
    0x08000600   0x08000600   0x00000062   Code   RO         6055    .text               mc_w.l(uldiv.o)
    0x08000662   0x08000662   0x0000001e   Code   RO         6057    .text               mc_w.l(llshl.o)
    0x08000680   0x08000680   0x00000024   Code   RO         6059    .text               mc_w.l(llsshr.o)
    0x080006a4   0x080006a4   0x00000000   Code   RO         6061    .text               mc_w.l(iusefp.o)
    0x080006a4   0x080006a4   0x0000006e   Code   RO         6062    .text               mf_w.l(fepilogue.o)
    0x08000712   0x08000712   0x000000ba   Code   RO         6064    .text               mf_w.l(depilogue.o)
    0x080007cc   0x080007cc   0x00000030   Code   RO         6066    .text               mf_w.l(dfixul.o)
    0x080007fc   0x080007fc   0x00000030   Code   RO         6068    .text               mf_w.l(cdrcmple.o)
    0x0800082c   0x0800082c   0x00000024   Code   RO         6070    .text               mc_w.l(init.o)
    0x08000850   0x08000850   0x00000020   Code   RO         6072    .text               mc_w.l(llushr.o)
    0x08000870   0x08000870   0x0000006c   Code   RO         5294    i.ADC_Init          adc.o
    0x080008dc   0x080008dc   0x00000004   PAD
    0x080008e0   0x080008e0   0x00000194   Code   RO            3    i.ADC_Task          main.o
    0x08000a74   0x08000a74   0x00000002   Code   RO          253    i.BusFault_Handler  gd32f30x_it.o
    0x08000a76   0x08000a76   0x00000002   PAD
    0x08000a78   0x08000a78   0x00000030   Code   RO         5369    i.CalcRefVec        foc.o
    0x08000aa8   0x08000aa8   0x0000001c   Code   RO         5370    i.Clark_f32         foc.o
    0x08000ac4   0x08000ac4   0x00000004   Code   RO         5420    i.ClearDR           motortask.o
    0x08000ac8   0x08000ac8   0x00000002   Code   RO         5421    i.CsOFF             motortask.o
    0x08000aca   0x08000aca   0x00000002   Code   RO         5422    i.CsON              motortask.o
    0x08000acc   0x08000acc   0x000000cc   Code   RO         5423    i.CurrentCal        motortask.o
    0x08000b98   0x08000b98   0x00000002   Code   RO          254    i.DebugMon_Handler  gd32f30x_it.o
    0x08000b9a   0x08000b9a   0x00000002   PAD
    0x08000b9c   0x08000b9c   0x000000d0   Code   RO         5264    i.EXTI0_IRQHandler  key.o
    0x08000c6c   0x08000c6c   0x00000088   Code   RO         5424    i.ElecDegCal        motortask.o
    0x08000cf4   0x08000cf4   0x00000014   Code   RO         5610    i.Get_Store_UserParam  storetask.o
    0x08000d08   0x08000d08   0x00000002   Code   RO          255    i.HardFault_Handler  gd32f30x_it.o
    0x08000d0a   0x08000d0a   0x0000001a   Code   RO         5372    i.InvPark_f32       foc.o
    0x08000d24   0x08000d24   0x00000074   Code   RO            4    i.KeyScan_Task      main.o
    0x08000d98   0x08000d98   0x00000048   Code   RO         5265    i.Key_Init          key.o
    0x08000de0   0x08000de0   0x00000044   Code   RO         5244    i.LED_Init          gpio.o
    0x08000e24   0x08000e24   0x000000b0   Code   RO            5    i.LED_Task          main.o
    0x08000ed4   0x08000ed4   0x0000002a   Code   RO         5526    i.MT6815_READ_NEW_DATA  mt6815.o
    0x08000efe   0x08000efe   0x00000002   Code   RO          256    i.MemManage_Handler  gd32f30x_it.o
    0x08000f00   0x08000f00   0x000000c4   Code   RO         5426    i.Motor_Task        motortask.o
    0x08000fc4   0x08000fc4   0x00000134   Code   RO         5427    i.Motor_Task_Init   motortask.o
    0x080010f8   0x080010f8   0x00000002   Code   RO          257    i.NMI_Handler       gd32f30x_it.o
    0x080010fa   0x080010fa   0x00000002   PAD
    0x080010fc   0x080010fc   0x00000034   Code   RO         5728    i.PWMTestTask       pwm.o
    0x08001130   0x08001130   0x000002c4   Code   RO         5428    i.PWM_Cal           motortask.o
    0x080013f4   0x080013f4   0x000000a4   Code   RO         5729    i.PWM_Init          pwm.o
    0x08001498   0x08001498   0x0000001a   Code   RO         5373    i.Park_f32          foc.o
    0x080014b2   0x080014b2   0x000000da   Code   RO         5340    i.PidCal            pid.o
    0x0800158c   0x0800158c   0x00000008   Code   RO            6    i.SPITest_Task      main.o
    0x08001594   0x08001594   0x00000084   Code   RO         5530    i.SPI_Init          mt6815.o
    0x08001618   0x08001618   0x00000020   Code   RO         5532    i.SPI_SendByte      mt6815.o
    0x08001638   0x08001638   0x000002d8   Code   RO            7    i.Start_Task        main.o
    0x08001910   0x08001910   0x00000034   Code   RO            8    i.StateJudgment_Task  main.o
    0x08001944   0x08001944   0x00000074   Code   RO         5612    i.StoreTask         storetask.o
    0x080019b8   0x080019b8   0x000000f4   Code   RO         5614    i.Store_Task_Init   storetask.o
    0x08001aac   0x08001aac   0x00000338   Code   RO         5431    i.Svpwm             motortask.o
    0x08001de4   0x08001de4   0x0000002c   Code   RO         4421    i.SysTick_Handler   port.o
    0x08001e10   0x08001e10   0x00000120   Code   RO          447    i.SystemInit        system_gd32f30x.o
    0x08001f30   0x08001f30   0x00000078   Code   RO          354    i.USART0_IRQHandler  usart.o
    0x08001fa8   0x08001fa8   0x00000002   Code   RO          258    i.UsageFault_Handler  gd32f30x_it.o
    0x08001faa   0x08001faa   0x00000002   PAD
    0x08001fac   0x08001fac   0x000000a0   Code   RO          356    i.Usart_Init        usart.o
    0x0800204c   0x0800204c   0x00000020   Code   RO         5998    i.__0printf         mc_w.l(printfa.o)
    0x0800206c   0x0800206c   0x0000000e   Code   RO         6076    i.__scatterload_copy  mc_w.l(handlers.o)
    0x0800207a   0x0800207a   0x00000002   Code   RO         6077    i.__scatterload_null  mc_w.l(handlers.o)
    0x0800207c   0x0800207c   0x0000000e   Code   RO         6078    i.__scatterload_zeroinit  mc_w.l(handlers.o)
    0x0800208a   0x0800208a   0x00000002   PAD
    0x0800208c   0x0800208c   0x00000184   Code   RO         6005    i._fp_digits        mc_w.l(printfa.o)
    0x08002210   0x08002210   0x000006dc   Code   RO         6006    i._printf_core      mc_w.l(printfa.o)
    0x080028ec   0x080028ec   0x00000024   Code   RO         6007    i._printf_post_padding  mc_w.l(printfa.o)
    0x08002910   0x08002910   0x0000002e   Code   RO         6008    i._printf_pre_padding  mc_w.l(printfa.o)
    0x0800293e   0x0800293e   0x00000022   Code   RO          478    i.adc_calibration_enable  gd32f30x_adc.o
    0x08002960   0x08002960   0x00000038   Code   RO          479    i.adc_channel_length_config  gd32f30x_adc.o
    0x08002998   0x08002998   0x00000012   Code   RO          480    i.adc_data_alignment_config  gd32f30x_adc.o
    0x080029aa   0x080029aa   0x00000014   Code   RO          486    i.adc_enable        gd32f30x_adc.o
    0x080029be   0x080029be   0x0000003e   Code   RO          487    i.adc_external_trigger_config  gd32f30x_adc.o
    0x080029fc   0x080029fc   0x0000002a   Code   RO          488    i.adc_external_trigger_source_config  gd32f30x_adc.o
    0x08002a26   0x08002a26   0x00000070   Code   RO          491    i.adc_inserted_channel_config  gd32f30x_adc.o
    0x08002a96   0x08002a96   0x00000002   PAD
    0x08002a98   0x08002a98   0x00000018   Code   RO          498    i.adc_mode_config   gd32f30x_adc.o
    0x08002ab0   0x08002ab0   0x00000020   Code   RO          505    i.adc_software_trigger_enable  gd32f30x_adc.o
    0x08002ad0   0x08002ad0   0x0000005a   Code   RO          506    i.adc_special_function_config  gd32f30x_adc.o
    0x08002b2a   0x08002b2a   0x00000002   PAD
    0x08002b2c   0x08002b2c   0x00000010   Code   RO          509    i.adc_tempsensor_vrefint_enable  gd32f30x_adc.o
    0x08002b3c   0x08002b3c   0x00000078   Code   RO         5580    i.arm_cos_f32       math.o
    0x08002bb4   0x08002bb4   0x00000090   Code   RO         5581    i.arm_sin_f32       math.o
    0x08002c44   0x08002c44   0x00000090   Code   RO         1795    i.exti_init         gd32f30x_exti.o
    0x08002cd4   0x08002cd4   0x0000000c   Code   RO         1798    i.exti_interrupt_flag_clear  gd32f30x_exti.o
    0x08002ce0   0x08002ce0   0x00000020   Code   RO         1799    i.exti_interrupt_flag_get  gd32f30x_exti.o
    0x08002d00   0x08002d00   0x00000024   Code   RO          357    i.fputc             usart.o
    0x08002d24   0x08002d24   0x00000004   Code   RO         2149    i.gpio_bit_reset    gd32f30x_gpio.o
    0x08002d28   0x08002d28   0x00000004   Code   RO         2150    i.gpio_bit_set      gd32f30x_gpio.o
    0x08002d2c   0x08002d2c   0x0000005c   Code   RO         2158    i.gpio_exti_source_select  gd32f30x_gpio.o
    0x08002d88   0x08002d88   0x000000a4   Code   RO         2159    i.gpio_init         gd32f30x_gpio.o
    0x08002e2c   0x08002e2c   0x00000164   Code   RO            9    i.main              main.o
    0x08002f90   0x08002f90   0x000000bc   Code   RO         2477    i.nvic_irq_enable   gd32f30x_misc.o
    0x0800304c   0x0800304c   0x00000014   Code   RO         2478    i.nvic_priority_group_set  gd32f30x_misc.o
    0x08003060   0x08003060   0x0000007a   Code   RO         5623    i.osPoolCreate      storetask.o
    0x080030da   0x080030da   0x00000002   PAD
    0x080030dc   0x080030dc   0x00000074   Code   RO         4963    i.prvAddCurrentTaskToDelayedList  tasks.o
    0x08003150   0x08003150   0x00000064   Code   RO         4964    i.prvIdleTask       tasks.o
    0x080031b4   0x080031b4   0x00000010   Code   RO         4422    i.prvTaskExitError  port.o
    0x080031c4   0x080031c4   0x0000006c   Code   RO         4707    i.prvUnlockQueue    queue.o
    0x08003230   0x08003230   0x0000014c   Code   RO         4499    i.pvPortMalloc      heap_4.o
    0x0800337c   0x0800337c   0x0000002c   Code   RO         4423    i.pxPortInitialiseStack  port.o
    0x080033a8   0x080033a8   0x00000124   Code   RO         2676    i.rcu_clock_freq_get  gd32f30x_rcu.o
    0x080034cc   0x080034cc   0x0000001c   Code   RO         2694    i.rcu_periph_clock_enable  gd32f30x_rcu.o
    0x080034e8   0x080034e8   0x0000001e   Code   RO         2697    i.rcu_periph_reset_disable  gd32f30x_rcu.o
    0x08003506   0x08003506   0x0000001c   Code   RO         2698    i.rcu_periph_reset_enable  gd32f30x_rcu.o
    0x08003522   0x08003522   0x0000000a   Code   RO         3317    i.spi_enable        gd32f30x_spi.o
    0x0800352c   0x0800352c   0x0000002e   Code   RO         3326    i.spi_init          gd32f30x_spi.o
    0x0800355a   0x0800355a   0x0000000a   Code   RO         3551    i.timer_auto_reload_shadow_enable  gd32f30x_timer.o
    0x08003564   0x08003564   0x000001ec   Code   RO         3568    i.timer_channel_output_config  gd32f30x_timer.o
    0x08003750   0x08003750   0x00000050   Code   RO         3570    i.timer_channel_output_mode_config  gd32f30x_timer.o
    0x080037a0   0x080037a0   0x00000020   Code   RO         3572    i.timer_channel_output_pulse_value_config  gd32f30x_timer.o
    0x080037c0   0x080037c0   0x00000050   Code   RO         3573    i.timer_channel_output_shadow_config  gd32f30x_timer.o
    0x08003810   0x08003810   0x000000e4   Code   RO         3581    i.timer_deinit      gd32f30x_timer.o
    0x080038f4   0x080038f4   0x0000000a   Code   RO         3586    i.timer_enable      gd32f30x_timer.o
    0x080038fe   0x080038fe   0x00000002   PAD
    0x08003900   0x08003900   0x000000b4   Code   RO         3596    i.timer_init        gd32f30x_timer.o
    0x080039b4   0x080039b4   0x00000008   Code   RO         3603    i.timer_interrupt_enable  gd32f30x_timer.o
    0x080039bc   0x080039bc   0x00000012   Code   RO         3611    i.timer_primary_output_config  gd32f30x_timer.o
    0x080039ce   0x080039ce   0x00000002   PAD
    0x080039d0   0x080039d0   0x00000060   Code   RO         3989    i.usart_baudrate_set  gd32f30x_usart.o
    0x08003a30   0x08003a30   0x00000008   Code   RO         3993    i.usart_data_transmit  gd32f30x_usart.o
    0x08003a38   0x08003a38   0x00000094   Code   RO         3994    i.usart_deinit      gd32f30x_usart.o
    0x08003acc   0x08003acc   0x0000000a   Code   RO         3998    i.usart_enable      gd32f30x_usart.o
    0x08003ad6   0x08003ad6   0x00000018   Code   RO         4000    i.usart_flag_get    gd32f30x_usart.o
    0x08003aee   0x08003aee   0x0000000c   Code   RO         4004    i.usart_hardware_flow_cts_config  gd32f30x_usart.o
    0x08003afa   0x08003afa   0x0000000c   Code   RO         4005    i.usart_hardware_flow_rts_config  gd32f30x_usart.o
    0x08003b06   0x08003b06   0x00000016   Code   RO         4007    i.usart_interrupt_enable  gd32f30x_usart.o
    0x08003b1c   0x08003b1c   0x00000018   Code   RO         4008    i.usart_interrupt_flag_clear  gd32f30x_usart.o
    0x08003b34   0x08003b34   0x0000002e   Code   RO         4009    i.usart_interrupt_flag_get  gd32f30x_usart.o
    0x08003b62   0x08003b62   0x00000010   Code   RO         4020    i.usart_parity_config  gd32f30x_usart.o
    0x08003b72   0x08003b72   0x0000000c   Code   RO         4022    i.usart_receive_config  gd32f30x_usart.o
    0x08003b7e   0x08003b7e   0x00000010   Code   RO         4032    i.usart_stop_bit_set  gd32f30x_usart.o
    0x08003b8e   0x08003b8e   0x0000000c   Code   RO         4036    i.usart_transmit_config  gd32f30x_usart.o
    0x08003b9a   0x08003b9a   0x00000010   Code   RO         4037    i.usart_word_length_set  gd32f30x_usart.o
    0x08003baa   0x08003baa   0x00000026   Code   RO         4663    i.uxListRemove      list.o
    0x08003bd0   0x08003bd0   0x00000012   Code   RO         4708    i.uxQueueMessagesWaiting  queue.o
    0x08003be2   0x08003be2   0x00000016   Code   RO         4664    i.vListInitialise   list.o
    0x08003bf8   0x08003bf8   0x00000006   Code   RO         4665    i.vListInitialiseItem  list.o
    0x08003bfe   0x08003bfe   0x00000002   PAD
    0x08003c00   0x08003c00   0x0000003a   Code   RO         4666    i.vListInsert       list.o
    0x08003c3a   0x08003c3a   0x00000018   Code   RO         4667    i.vListInsertEnd    list.o
    0x08003c52   0x08003c52   0x00000002   PAD
    0x08003c54   0x08003c54   0x0000001c   Code   RO         4425    i.vPortEnterCritical  port.o
    0x08003c70   0x08003c70   0x00000018   Code   RO         4426    i.vPortExitCritical  port.o
    0x08003c88   0x08003c88   0x00000090   Code   RO         4500    i.vPortFree         heap_4.o
    0x08003d18   0x08003d18   0x00000018   Code   RO         4427    i.vPortSetupTimerInterrupt  port.o
    0x08003d30   0x08003d30   0x00000038   Code   RO         4971    i.vTaskDelay        tasks.o
    0x08003d68   0x08003d68   0x000000bc   Code   RO         4973    i.vTaskDelete       tasks.o
    0x08003e24   0x08003e24   0x00000010   Code   RO         4976    i.vTaskInternalSetTimeOutState  tasks.o
    0x08003e34   0x08003e34   0x0000000c   Code   RO         4977    i.vTaskMissedYield  tasks.o
    0x08003e40   0x08003e40   0x00000020   Code   RO         4978    i.vTaskPlaceOnEventList  tasks.o
    0x08003e60   0x08003e60   0x0000005c   Code   RO         4984    i.vTaskStartScheduler  tasks.o
    0x08003ebc   0x08003ebc   0x00000010   Code   RO         4986    i.vTaskSuspendAll   tasks.o
    0x08003ecc   0x08003ecc   0x00000048   Code   RO         4987    i.vTaskSwitchContext  tasks.o
    0x08003f14   0x08003f14   0x00000040   Code   RO         4428    i.xPortStartScheduler  port.o
    0x08003f54   0x08003f54   0x00000066   Code   RO         4712    i.xQueueCreateCountingSemaphore  queue.o
    0x08003fba   0x08003fba   0x00000068   Code   RO         4713    i.xQueueGenericCreate  queue.o
    0x08004022   0x08004022   0x00000002   PAD
    0x08004024   0x08004024   0x0000014c   Code   RO         4715    i.xQueueGenericSend  queue.o
    0x08004170   0x08004170   0x00000054   Code   RO         4717    i.xQueueGiveFromISR  queue.o
    0x080041c4   0x080041c4   0x00000114   Code   RO         4722    i.xQueueReceive     queue.o
    0x080042d8   0x080042d8   0x0000007c   Code   RO         4723    i.xQueueReceiveFromISR  queue.o
    0x08004354   0x08004354   0x000000f8   Code   RO         4724    i.xQueueSemaphoreTake  queue.o
    0x0800444c   0x0800444c   0x00000060   Code   RO         4989    i.xTaskCheckForTimeOut  tasks.o
    0x080044ac   0x080044ac   0x0000017c   Code   RO         4990    i.xTaskCreate       tasks.o
    0x08004628   0x08004628   0x000000d4   Code   RO         4998    i.xTaskIncrementTick  tasks.o
    0x080046fc   0x080046fc   0x00000064   Code   RO         4999    i.xTaskRemoveFromEventList  tasks.o
    0x08004760   0x08004760   0x00000188   Code   RO         5000    i.xTaskResumeAll    tasks.o
    0x080048e8   0x080048e8   0x00000804   Data   RO         5582    .constdata          math.o
    0x080050ec   0x080050ec   0x00000024   Data   RO         5626    .constdata          storetask.o
    0x08005110   0x08005110   0x00000020   Data   RO         6074    Region$$Table       anon$$obj.o


    Execution Region RW_IRAM1 (Exec base: 0x20000000, Load base: 0x08005130, Size: 0x00004af8, Max: 0x00018000, ABSOLUTE)

    Exec Addr    Load Addr    Size         Type   Attr      Idx    E Section Name        Object

    0x20000000   0x08005130   0x00000001   Data   RW          394    .data               userflag.o
    0x20000001   0x08005131   0x00000003   PAD
    0x20000004   0x08005134   0x00000004   Data   RW          396    .data               userflag.o
    0x20000008   0x08005138   0x00000004   Data   RW          397    .data               userflag.o
    0x2000000c   0x0800513c   0x00000004   Data   RW          398    .data               userflag.o
    0x20000010   0x08005140   0x00000004   Data   RW          399    .data               userflag.o
    0x20000014   0x08005144   0x00000004   Data   RW          400    .data               userflag.o
    0x20000018   0x08005148   0x00000004   Data   RW          401    .data               userflag.o
    0x2000001c   0x0800514c   0x00000004   Data   RW          402    .data               userflag.o
    0x20000020   0x08005150   0x00000004   Data   RW          403    .data               userflag.o
    0x20000024   0x08005154   0x00000004   Data   RW          404    .data               userflag.o
    0x20000028   0x08005158   0x00000004   Data   RW          405    .data               userflag.o
    0x2000002c   0x0800515c   0x00000004   Data   RW          406    .data               userflag.o
    0x20000030   0x08005160   0x00000004   Data   RW          407    .data               userflag.o
    0x20000034   0x08005164   0x00000004   Data   RW          408    .data               userflag.o
    0x20000038   0x08005168   0x00000004   Data   RW          409    .data               userflag.o
    0x2000003c   0x0800516c   0x00000004   Data   RW          410    .data               userflag.o
    0x20000040   0x08005170   0x00000004   Data   RW         4429    .data               port.o
    0x20000044   0x08005174   0x00000020   Data   RW         4506    .data               heap_4.o
    0x20000064   0x08005194   0x0000003c   Data   RW         5003    .data               tasks.o
    0x200000a0   0x080051d0   0x0000001c   Data   RW         5432    .data               motortask.o
    0x200000bc   0x080051ec   0x0000001c   Data   RW         5627    .data               storetask.o
    0x200000d8   0x08005208   0x00000004   Data   RW         6052    .data               mc_w.l(stdout.o)
    0x200000dc        -       0x00004400   Zero   RW         4505    .bss                heap_4.o
    0x200044dc        -       0x000000c8   Zero   RW         5002    .bss                tasks.o
    0x200045a4        -       0x00000050   Zero   RW         5341    .bss                pid.o
    0x200045f4        -       0x00000050   Zero   RW         5342    .bss                pid.o
    0x20004644        -       0x00000050   Zero   RW         5343    .bss                pid.o
    0x20004694        -       0x00000040   Zero   RW         5374    .bss                foc.o
    0x200046d4        -       0x00000020   Zero   RW         5625    .bss                storetask.o
    0x200046f4   0x0800520c   0x00000004   PAD
    0x200046f8        -       0x00000400   Zero   RW         4411    STACK               startup_gd32f30x_hd.o


==============================================================================

Image component sizes


      Code (inc. data)   RO Data    RW Data    ZI Data      Debug   Object Name

       108          4          0          0          0        539   adc.o
         0          0          0          0          0      11120   event_groups.o
       128         12          0          0         64       2963   foc.o
       506         10          0          0          0       7301   gd32f30x_adc.o
         0          0          0          0          0       1508   gd32f30x_can.o
       188         18          0          0          0       2010   gd32f30x_exti.o
       264          6          0          0          0       2810   gd32f30x_gpio.o
        12          0          0          0          0       3857   gd32f30x_it.o
       208         14          0          0          0       1892   gd32f30x_misc.o
       378         34          0          0          0       3260   gd32f30x_rcu.o
        56          0          0          0          0       1796   gd32f30x_spi.o
      1138         24          0          0          0       8143   gd32f30x_timer.o
       474          8          0          0          0       9483   gd32f30x_usart.o
        68          4          0          0          0        515   gpio.o
       476         24          0         32      17408       4515   heap_4.o
       280        132          0          0          0       1082   key.o
       148          0          0          0          0       3482   list.o
      1840       1046          0          0          0      84889   main.o
       264         30       2052          0          0       2007   math.o
      2384        260          0         28          0      20856   motortask.o
       206         18          0          0          0       2495   mt6815.o
       218          0          0          0        240       1987   pid.o
       434         52          0          4          0       9744   port.o
       216         12          0          0          0       1233   pwm.o
      1396         14          0          0          0      14923   queue.o
        36          8        304          0       1024        856   startup_gd32f30x_hd.o
       502         84         36         28         32      13525   storetask.o
       288         14          0          0          0       1669   system_gd32f30x.o
      1880        172          0         60        200      27757   tasks.o
       316         72          0          0          0       1697   usart.o
         0          0          0         61          0       1474   userflag.o

    ----------------------------------------------------------------------
     14442       2076       2424        216      18972     251388   Object Totals
         0          0         32          0          0          0   (incl. Generated)
        30          4          0          3          4          0   (incl. Padding)

    ----------------------------------------------------------------------

      Code (inc. data)   RO Data    RW Data    ZI Data      Debug   Library Member Name

         0          0          0          0          0          0   entry.o
         0          0          0          0          0          0   entry10a.o
         0          0          0          0          0          0   entry11a.o
         8          4          0          0          0          0   entry2.o
         4          0          0          0          0          0   entry5.o
         0          0          0          0          0          0   entry7b.o
         0          0          0          0          0          0   entry8b.o
         8          4          0          0          0          0   entry9a.o
        30          0          0          0          0          0   handlers.o
        36          8          0          0          0         68   init.o
         0          0          0          0          0          0   iusefp.o
        30          0          0          0          0         68   llshl.o
        36          0          0          0          0         68   llsshr.o
        32          0          0          0          0         68   llushr.o
        36          0          0          0          0         68   memcpya.o
      2258         90          0          0          0        452   printfa.o
         0          0          0          4          0          0   stdout.o
        44          0          0          0          0         80   uidiv.o
        98          0          0          0          0         92   uldiv.o
        48          0          0          0          0         68   cdrcmple.o
        56          0          0          0          0         88   d2f.o
       334          0          0          0          0        148   dadd.o
       222          0          0          0          0        100   ddiv.o
       186          0          0          0          0        176   depilogue.o
        48          0          0          0          0         68   dfixul.o
        26          0          0          0          0         76   dfltui.o
       228          0          0          0          0         96   dmul.o
        38          0          0          0          0         68   f2d.o
       110          0          0          0          0        168   fepilogue.o

    ----------------------------------------------------------------------
      3918        106          0          4          0       2020   Library Totals
         2          0          0          0          0          0   (incl. Padding)

    ----------------------------------------------------------------------

      Code (inc. data)   RO Data    RW Data    ZI Data      Debug   Library Name

      2620        106          0          4          0        964   mc_w.l
      1296          0          0          0          0       1056   mf_w.l

    ----------------------------------------------------------------------
      3918        106          0          4          0       2020   Library Totals

    ----------------------------------------------------------------------

==============================================================================


      Code (inc. data)   RO Data    RW Data    ZI Data      Debug   

     18360       2182       2424        220      18972     240224   Grand Totals
     18360       2182       2424        220      18972     240224   ELF Image Totals
     18360       2182       2424        220          0          0   ROM Totals

==============================================================================

    Total RO  Size (Code + RO Data)                20784 (  20.30kB)
    Total RW  Size (RW Data + ZI Data)             19192 (  18.74kB)
    Total ROM Size (Code + RO Data + RW Data)      21004 (  20.51kB)

==============================================================================

